2026-08-01 22:40:53.848: [INFO] CurrentProfilePath: C:\Users\gninj\Downloads\AKI\webview\EBWebView\Default
2026-08-01 22:40:53.848: [INFO] Profiles total count: 1
2026-08-01 22:40:53.848: [INFO] Profile: name=Profile 1 path=C:\Users\gninj\Downloads\AKI\webview\EBWebView\Default lastActive=null
2026-08-01 22:40:53.848: [INFO] LastUsedProfileDir: C:\Users\gninj\Downloads\AKI\webview\EBWebView\Default
2026-08-01 22:40:53.848: [INFO] OnDoneLoading sync enabled: 0
2026-08-01 22:40:53.848: [INFO] BookmarkModelLoaded, ids_reassigned: 0
2026-08-01 22:40:53.848: [INFO] BookmarksLoadDropped droppedNodes=0
2026-08-01 22:40:53.848: [INFO] BookmarksSnapshot Startup total=0 bar=0 other=0 mobile=0 showBar=0 showBarNTP=1
2026-08-01 22:42:42.255: [INFO] BookmarksSnapshot Shutdown total=0 bar=0 other=0 mobile=0 showBar=0 showBarNTP=1
2026-08-01 22:58:24.050: [INFO] CurrentProfilePath: C:\Users\gninj\Downloads\AKI\webview\EBWebView\Default
2026-08-01 22:58:24.050: [INFO] Profiles total count: 1
2026-08-01 22:58:24.051: [INFO] Profile: name=Profile 1 path=C:\Users\gninj\Downloads\AKI\webview\EBWebView\Default lastActive=2026-08-01T22:42:28.294Z
2026-08-01 22:58:24.051: [INFO] LastUsedProfileDir: C:\Users\gninj\Downloads\AKI\webview\EBWebView\Default
2026-08-01 22:58:24.051: [INFO] MostRecentlyActiveProfile: name=Profile 1 path=C:\Users\gninj\Downloads\AKI\webview\EBWebView\Default lastActive=2026-08-01T22:42:28.294Z
2026-08-01 22:58:24.051: [INFO] OnDoneLoading sync enabled: 0
2026-08-01 22:58:24.051: [INFO] BookmarkModelLoaded, ids_reassigned: 0
2026-08-01 22:58:24.051: [INFO] BookmarksLoadDropped droppedNodes=0
2026-08-01 22:58:24.051: [INFO] BookmarksSnapshot Startup total=0 bar=0 other=0 mobile=0 showBar=0 showBarNTP=1
2026-08-01 23:01:07.017: [INFO] BookmarksSnapshot Shutdown total=0 bar=0 other=0 mobile=0 showBar=0 showBarNTP=1
2026-08-01 23:24:35.554: [INFO] CurrentProfilePath: C:\Users\gninj\Downloads\AKI\webview\EBWebView\Default
2026-08-01 23:24:35.554: [INFO] Profiles total count: 1
2026-08-01 23:24:35.554: [INFO] Profile: name=Profile 1 path=C:\Users\gninj\Downloads\AKI\webview\EBWebView\Default lastActive=2026-08-01T23:01:05.684Z
2026-08-01 23:24:35.554: [INFO] LastUsedProfileDir: C:\Users\gninj\Downloads\AKI\webview\EBWebView\Default
2026-08-01 23:24:35.554: [INFO] MostRecentlyActiveProfile: name=Profile 1 path=C:\Users\gninj\Downloads\AKI\webview\EBWebView\Default lastActive=2026-08-01T23:01:05.684Z
2026-08-01 23:24:35.554: [INFO] OnDoneLoading sync enabled: 0
2026-08-01 23:24:35.554: [INFO] BookmarkModelLoaded, ids_reassigned: 0
2026-08-01 23:24:35.554: [INFO] BookmarksLoadDropped droppedNodes=0
2026-08-01 23:24:35.554: [INFO] BookmarksSnapshot Startup total=0 bar=0 other=0 mobile=0 showBar=0 showBarNTP=1
2026-08-01 23:25:09.409: [INFO] BookmarksSnapshot Shutdown total=0 bar=0 other=0 mobile=0 showBar=0 showBarNTP=1
2026-08-01 23:25:16.086: [INFO] CurrentProfilePath: C:\Users\gninj\Downloads\AKI\webview\EBWebView\Default
2026-08-01 23:25:16.086: [INFO] Profiles total count: 1
2026-08-01 23:25:16.086: [INFO] Profile: name=Profile 1 path=C:\Users\gninj\Downloads\AKI\webview\EBWebView\Default lastActive=2026-08-01T23:24:37.447Z
2026-08-01 23:25:16.086: [INFO] LastUsedProfileDir: C:\Users\gninj\Downloads\AKI\webview\EBWebView\Default
2026-08-01 23:25:16.086: [INFO] MostRecentlyActiveProfile: name=Profile 1 path=C:\Users\gninj\Downloads\AKI\webview\EBWebView\Default lastActive=2026-08-01T23:24:37.447Z
2026-08-01 23:25:16.086: [INFO] OnDoneLoading sync enabled: 0
2026-08-01 23:25:16.086: [INFO] BookmarkModelLoaded, ids_reassigned: 0
2026-08-01 23:25:16.086: [INFO] BookmarksLoadDropped droppedNodes=0
2026-08-01 23:25:16.086: [INFO] BookmarksSnapshot Startup total=0 bar=0 other=0 mobile=0 showBar=0 showBarNTP=1
2026-08-01 23:25:37.641: [INFO] BookmarksSnapshot Shutdown total=0 bar=0 other=0 mobile=0 showBar=0 showBarNTP=1
2026-08-02 01:12:44.165: [INFO] CurrentProfilePath: C:\Users\gninj\Downloads\AKI\webview\EBWebView\Default
2026-08-02 01:12:44.165: [INFO] Profiles total count: 1
2026-08-02 01:12:44.165: [INFO] Profile: name=Profile 1 path=C:\Users\gninj\Downloads\AKI\webview\EBWebView\Default lastActive=2026-08-01T23:25:16.198Z
2026-08-02 01:12:44.165: [INFO] LastUsedProfileDir: C:\Users\gninj\Downloads\AKI\webview\EBWebView\Default
2026-08-02 01:12:44.165: [INFO] MostRecentlyActiveProfile: name=Profile 1 path=C:\Users\gninj\Downloads\AKI\webview\EBWebView\Default lastActive=2026-08-01T23:25:16.198Z
2026-08-02 01:12:44.165: [INFO] OnDoneLoading sync enabled: 0
2026-08-02 01:12:44.165: [INFO] BookmarkModelLoaded, ids_reassigned: 0
2026-08-02 01:12:44.165: [INFO] BookmarksLoadDropped droppedNodes=0
2026-08-02 01:12:44.165: [INFO] BookmarksSnapshot Startup total=0 bar=0 other=0 mobile=0 showBar=0 showBarNTP=1
2026-08-02 01:19:52.438: [INFO] BookmarksSnapshot Shutdown total=0 bar=0 other=0 mobile=0 showBar=0 showBarNTP=1
2026-08-02 01:47:31.686: [INFO] CurrentProfilePath: C:\Users\gninj\Downloads\AKI\webview\EBWebView\Default
2026-08-02 01:47:31.686: [INFO] Profiles total count: 1
2026-08-02 01:47:31.686: [INFO] Profile: name=Profile 1 path=C:\Users\gninj\Downloads\AKI\webview\EBWebView\Default lastActive=2026-08-02T01:19:50.576Z
2026-08-02 01:47:31.686: [INFO] LastUsedProfileDir: C:\Users\gninj\Downloads\AKI\webview\EBWebView\Default
2026-08-02 01:47:31.686: [INFO] MostRecentlyActiveProfile: name=Profile 1 path=C:\Users\gninj\Downloads\AKI\webview\EBWebView\Default lastActive=2026-08-02T01:19:50.576Z
2026-08-02 01:47:31.686: [INFO] OnDoneLoading sync enabled: 0
2026-08-02 01:47:31.686: [INFO] BookmarkModelLoaded, ids_reassigned: 0
2026-08-02 01:47:31.686: [INFO] BookmarksLoadDropped droppedNodes=0
2026-08-02 01:47:31.686: [INFO] BookmarksSnapshot Startup total=0 bar=0 other=0 mobile=0 showBar=0 showBarNTP=1
2026-08-02 01:48:32.777: [INFO] BookmarksSnapshot Shutdown total=0 bar=0 other=0 mobile=0 showBar=0 showBarNTP=1
2026-08-02 13:29:13.815: [INFO] CurrentProfilePath: C:\Users\gninj\Downloads\AKI\webview\EBWebView\Default
2026-08-02 13:29:13.815: [INFO] Profiles total count: 1
2026-08-02 13:29:13.815: [INFO] Profile: name=Profile 1 path=C:\Users\gninj\Downloads\AKI\webview\EBWebView\Default lastActive=2026-08-02T01:48:32.675Z
2026-08-02 13:29:13.815: [INFO] LastUsedProfileDir: C:\Users\gninj\Downloads\AKI\webview\EBWebView\Default
2026-08-02 13:29:13.815: [INFO] MostRecentlyActiveProfile: name=Profile 1 path=C:\Users\gninj\Downloads\AKI\webview\EBWebView\Default lastActive=2026-08-02T01:48:32.675Z
2026-08-02 13:29:13.815: [INFO] OnDoneLoading sync enabled: 0
2026-08-02 13:29:13.815: [INFO] BookmarkModelLoaded, ids_reassigned: 0
2026-08-02 13:29:13.815: [INFO] BookmarksLoadDropped droppedNodes=0
2026-08-02 13:29:13.815: [INFO] BookmarksSnapshot Startup total=0 bar=0 other=0 mobile=0 showBar=0 showBarNTP=1
2026-08-02 13:31:30.410: [INFO] BookmarksSnapshot Shutdown total=0 bar=0 other=0 mobile=0 showBar=0 showBarNTP=1
2026-08-02 17:46:55.856: [INFO] CurrentProfilePath: C:\Users\gninj\Downloads\AKI\webview\EBWebView\Default
2026-08-02 17:46:55.856: [INFO] Profiles total count: 1
2026-08-02 17:46:55.856: [INFO] Profile: name=Profile 1 path=C:\Users\gninj\Downloads\AKI\webview\EBWebView\Default lastActive=2026-08-02T13:29:13.932Z
2026-08-02 17:46:55.856: [INFO] LastUsedProfileDir: C:\Users\gninj\Downloads\AKI\webview\EBWebView\Default
2026-08-02 17:46:55.856: [INFO] MostRecentlyActiveProfile: name=Profile 1 path=C:\Users\gninj\Downloads\AKI\webview\EBWebView\Default lastActive=2026-08-02T13:29:13.932Z
2026-08-02 17:46:55.856: [INFO] OnDoneLoading sync enabled: 0
2026-08-02 17:46:55.856: [INFO] BookmarkModelLoaded, ids_reassigned: 0
2026-08-02 17:46:55.856: [INFO] BookmarksLoadDropped droppedNodes=0
2026-08-02 17:46:55.856: [INFO] BookmarksSnapshot Startup total=0 bar=0 other=0 mobile=0 showBar=0 showBarNTP=1
2026-08-02 17:48:33.270: [INFO] BookmarksSnapshot Shutdown total=0 bar=0 other=0 mobile=0 showBar=0 showBarNTP=1
2026-08-02 18:01:55.053: [INFO] CurrentProfilePath: C:\Users\gninj\Downloads\AKI\webview\EBWebView\Default
2026-08-02 18:01:55.053: [INFO] Profiles total count: 1
2026-08-02 18:01:55.053: [INFO] Profile: name=Profile 1 path=C:\Users\gninj\Downloads\AKI\webview\EBWebView\Default lastActive=2026-08-02T17:48:19.549Z
2026-08-02 18:01:55.053: [INFO] LastUsedProfileDir: C:\Users\gninj\Downloads\AKI\webview\EBWebView\Default
2026-08-02 18:01:55.053: [INFO] MostRecentlyActiveProfile: name=Profile 1 path=C:\Users\gninj\Downloads\AKI\webview\EBWebView\Default lastActive=2026-08-02T17:48:19.549Z
2026-08-02 18:01:55.053: [INFO] OnDoneLoading sync enabled: 0
2026-08-02 18:01:55.053: [INFO] BookmarkModelLoaded, ids_reassigned: 0
2026-08-02 18:01:55.053: [INFO] BookmarksLoadDropped droppedNodes=0
2026-08-02 18:01:55.053: [INFO] BookmarksSnapshot Startup total=0 bar=0 other=0 mobile=0 showBar=0 showBarNTP=1
2026-08-02 18:07:38.174: [INFO] BookmarksSnapshot Shutdown total=0 bar=0 other=0 mobile=0 showBar=0 showBarNTP=1
2026-08-02 18:14:27.606: [INFO] CurrentProfilePath: C:\Users\gninj\Downloads\AKI\webview\EBWebView\Default
2026-08-02 18:14:27.606: [INFO] Profiles total count: 1
2026-08-02 18:14:27.606: [INFO] Profile: name=Profile 1 path=C:\Users\gninj\Downloads\AKI\webview\EBWebView\Default lastActive=2026-08-02T18:07:18.527Z
2026-08-02 18:14:27.606: [INFO] LastUsedProfileDir: C:\Users\gninj\Downloads\AKI\webview\EBWebView\Default
2026-08-02 18:14:27.606: [INFO] MostRecentlyActiveProfile: name=Profile 1 path=C:\Users\gninj\Downloads\AKI\webview\EBWebView\Default lastActive=2026-08-02T18:07:18.527Z
2026-08-02 18:14:27.606: [INFO] OnDoneLoading sync enabled: 0
2026-08-02 18:14:27.606: [INFO] BookmarkModelLoaded, ids_reassigned: 0
2026-08-02 18:14:27.606: [INFO] BookmarksLoadDropped droppedNodes=0
2026-08-02 18:14:27.606: [INFO] BookmarksSnapshot Startup total=0 bar=0 other=0 mobile=0 showBar=0 showBarNTP=1
2026-08-02 18:19:05.104: [INFO] BookmarksSnapshot Shutdown total=0 bar=0 other=0 mobile=0 showBar=0 showBarNTP=1
2026-08-02 18:29:09.544: [INFO] CurrentProfilePath: C:\Users\gninj\Downloads\AKI\webview\EBWebView\Default
2026-08-02 18:29:09.544: [INFO] Profiles total count: 1
2026-08-02 18:29:09.544: [INFO] Profile: name=Profile 1 path=C:\Users\gninj\Downloads\AKI\webview\EBWebView\Default lastActive=2026-08-02T18:18:37.715Z
2026-08-02 18:29:09.544: [INFO] LastUsedProfileDir: C:\Users\gninj\Downloads\AKI\webview\EBWebView\Default
2026-08-02 18:29:09.544: [INFO] MostRecentlyActiveProfile: name=Profile 1 path=C:\Users\gninj\Downloads\AKI\webview\EBWebView\Default lastActive=2026-08-02T18:18:37.715Z
2026-08-02 18:29:09.544: [INFO] OnDoneLoading sync enabled: 0
2026-08-02 18:29:09.544: [INFO] BookmarkModelLoaded, ids_reassigned: 0
2026-08-02 18:29:09.544: [INFO] BookmarksLoadDropped droppedNodes=0
2026-08-02 18:29:09.544: [INFO] BookmarksSnapshot Startup total=0 bar=0 other=0 mobile=0 showBar=0 showBarNTP=1
2026-08-02 18:32:11.629: [INFO] BookmarksSnapshot Shutdown total=0 bar=0 other=0 mobile=0 showBar=0 showBarNTP=1
2026-08-02 18:42:48.073: [INFO] CurrentProfilePath: C:\Users\gninj\Downloads\AKI\webview\EBWebView\Default
2026-08-02 18:42:48.073: [INFO] Profiles total count: 1
2026-08-02 18:42:48.074: [INFO] Profile: name=Profile 1 path=C:\Users\gninj\Downloads\AKI\webview\EBWebView\Default lastActive=2026-08-02T18:32:10.025Z
2026-08-02 18:42:48.074: [INFO] LastUsedProfileDir: C:\Users\gninj\Downloads\AKI\webview\EBWebView\Default
2026-08-02 18:42:48.074: [INFO] MostRecentlyActiveProfile: name=Profile 1 path=C:\Users\gninj\Downloads\AKI\webview\EBWebView\Default lastActive=2026-08-02T18:32:10.025Z
2026-08-02 18:42:48.074: [INFO] OnDoneLoading sync enabled: 0
2026-08-02 18:42:48.074: [INFO] BookmarkModelLoaded, ids_reassigned: 0
2026-08-02 18:42:48.074: [INFO] BookmarksLoadDropped droppedNodes=0
2026-08-02 18:42:48.074: [INFO] BookmarksSnapshot Startup total=0 bar=0 other=0 mobile=0 showBar=0 showBarNTP=1
2026-08-02 18:45:30.998: [INFO] BookmarksSnapshot Shutdown total=0 bar=0 other=0 mobile=0 showBar=0 showBarNTP=1
2026-08-02 18:50:57.603: [INFO] CurrentProfilePath: C:\Users\gninj\Downloads\AKI\webview\EBWebView\Default
2026-08-02 18:50:57.603: [INFO] Profiles total count: 1
2026-08-02 18:50:57.603: [INFO] Profile: name=Profile 1 path=C:\Users\gninj\Downloads\AKI\webview\EBWebView\Default lastActive=2026-08-02T18:45:26.306Z
2026-08-02 18:50:57.603: [INFO] LastUsedProfileDir: C:\Users\gninj\Downloads\AKI\webview\EBWebView\Default
2026-08-02 18:50:57.603: [INFO] MostRecentlyActiveProfile: name=Profile 1 path=C:\Users\gninj\Downloads\AKI\webview\EBWebView\Default lastActive=2026-08-02T18:45:26.306Z
2026-08-02 18:50:57.603: [INFO] OnDoneLoading sync enabled: 0
2026-08-02 18:50:57.603: [INFO] BookmarkModelLoaded, ids_reassigned: 0
2026-08-02 18:50:57.603: [INFO] BookmarksLoadDropped droppedNodes=0
2026-08-02 18:50:57.603: [INFO] BookmarksSnapshot Startup total=0 bar=0 other=0 mobile=0 showBar=0 showBarNTP=1
2026-08-02 18:51:50.330: [INFO] BookmarksSnapshot Shutdown total=0 bar=0 other=0 mobile=0 showBar=0 showBarNTP=1
2026-08-02 18:55:53.057: [INFO] CurrentProfilePath: C:\Users\gninj\Downloads\AKI\webview\EBWebView\Default
2026-08-02 18:55:53.057: [INFO] Profiles total count: 1
2026-08-02 18:55:53.057: [INFO] Profile: name=Profile 1 path=C:\Users\gninj\Downloads\AKI\webview\EBWebView\Default lastActive=2026-08-02T18:51:28.187Z
2026-08-02 18:55:53.057: [INFO] LastUsedProfileDir: C:\Users\gninj\Downloads\AKI\webview\EBWebView\Default
2026-08-02 18:55:53.057: [INFO] MostRecentlyActiveProfile: name=Profile 1 path=C:\Users\gninj\Downloads\AKI\webview\EBWebView\Default lastActive=2026-08-02T18:51:28.187Z
2026-08-02 18:55:53.057: [INFO] OnDoneLoading sync enabled: 0
2026-08-02 18:55:53.057: [INFO] BookmarkModelLoaded, ids_reassigned: 0
2026-08-02 18:55:53.057: [INFO] BookmarksLoadDropped droppedNodes=0
2026-08-02 18:55:53.057: [INFO] BookmarksSnapshot Startup total=0 bar=0 other=0 mobile=0 showBar=0 showBarNTP=1
2026-08-02 18:56:54.071: [INFO] BookmarksSnapshot Shutdown total=0 bar=0 other=0 mobile=0 showBar=0 showBarNTP=1
2026-08-02 18:57:04.711: [INFO] CurrentProfilePath: C:\Users\gninj\Downloads\AKI\webview\EBWebView\Default
2026-08-02 18:57:04.711: [INFO] Profiles total count: 1
2026-08-02 18:57:04.711: [INFO] Profile: name=Profile 1 path=C:\Users\gninj\Downloads\AKI\webview\EBWebView\Default lastActive=2026-08-02T18:56:53.934Z
2026-08-02 18:57:04.711: [INFO] LastUsedProfileDir: C:\Users\gninj\Downloads\AKI\webview\EBWebView\Default
2026-08-02 18:57:04.711: [INFO] MostRecentlyActiveProfile: name=Profile 1 path=C:\Users\gninj\Downloads\AKI\webview\EBWebView\Default lastActive=2026-08-02T18:56:53.934Z
2026-08-02 18:57:04.711: [INFO] OnDoneLoading sync enabled: 0
2026-08-02 18:57:04.711: [INFO] BookmarkModelLoaded, ids_reassigned: 0
2026-08-02 18:57:04.711: [INFO] BookmarksLoadDropped droppedNodes=0
2026-08-02 18:57:04.711: [INFO] BookmarksSnapshot Startup total=0 bar=0 other=0 mobile=0 showBar=0 showBarNTP=1
2026-08-02 18:57:36.158: [INFO] BookmarksSnapshot Shutdown total=0 bar=0 other=0 mobile=0 showBar=0 showBarNTP=1
2026-08-02 19:10:02.277: [INFO] CurrentProfilePath: C:\Users\gninj\Downloads\AKI\webview\EBWebView\Default
2026-08-02 19:10:02.278: [INFO] Profiles total count: 1
2026-08-02 19:10:02.278: [INFO] Profile: name=Profile 1 path=C:\Users\gninj\Downloads\AKI\webview\EBWebView\Default lastActive=2026-08-02T18:57:36.053Z
2026-08-02 19:10:02.278: [INFO] LastUsedProfileDir: C:\Users\gninj\Downloads\AKI\webview\EBWebView\Default
2026-08-02 19:10:02.278: [INFO] MostRecentlyActiveProfile: name=Profile 1 path=C:\Users\gninj\Downloads\AKI\webview\EBWebView\Default lastActive=2026-08-02T18:57:36.053Z
2026-08-02 19:10:02.278: [INFO] OnDoneLoading sync enabled: 0
2026-08-02 19:10:02.278: [INFO] BookmarkModelLoaded, ids_reassigned: 0
2026-08-02 19:10:02.278: [INFO] BookmarksLoadDropped droppedNodes=0
2026-08-02 19:10:02.278: [INFO] BookmarksSnapshot Startup total=0 bar=0 other=0 mobile=0 showBar=0 showBarNTP=1
2026-08-02 19:18:50.991: [INFO] BookmarksSnapshot Shutdown total=0 bar=0 other=0 mobile=0 showBar=0 showBarNTP=1
2026-08-02 19:19:26.617: [INFO] CurrentProfilePath: C:\Users\gninj\Downloads\AKI\webview\EBWebView\Default
2026-08-02 19:19:26.617: [INFO] Profiles total count: 1
2026-08-02 19:19:26.618: [INFO] Profile: name=Profile 1 path=C:\Users\gninj\Downloads\AKI\webview\EBWebView\Default lastActive=2026-08-02T19:16:38.090Z
2026-08-02 19:19:26.618: [INFO] LastUsedProfileDir: C:\Users\gninj\Downloads\AKI\webview\EBWebView\Default
2026-08-02 19:19:26.618: [INFO] MostRecentlyActiveProfile: name=Profile 1 path=C:\Users\gninj\Downloads\AKI\webview\EBWebView\Default lastActive=2026-08-02T19:16:38.090Z
2026-08-02 19:19:26.618: [INFO] OnDoneLoading sync enabled: 0
2026-08-02 19:19:26.618: [INFO] BookmarkModelLoaded, ids_reassigned: 0
2026-08-02 19:19:26.618: [INFO] BookmarksLoadDropped droppedNodes=0
2026-08-02 19:19:26.618: [INFO] BookmarksSnapshot Startup total=0 bar=0 other=0 mobile=0 showBar=0 showBarNTP=1
2026-08-02 19:23:59.527: [INFO] BookmarksSnapshot Shutdown total=0 bar=0 other=0 mobile=0 showBar=0 showBarNTP=1
2026-08-02 19:25:10.129: [INFO] CurrentProfilePath: C:\Users\gninj\Downloads\AKI\webview\EBWebView\Default
2026-08-02 19:25:10.129: [INFO] Profiles total count: 1
2026-08-02 19:25:10.129: [INFO] Profile: name=Profile 1 path=C:\Users\gninj\Downloads\AKI\webview\EBWebView\Default lastActive=2026-08-02T19:23:56.159Z
2026-08-02 19:25:10.129: [INFO] LastUsedProfileDir: C:\Users\gninj\Downloads\AKI\webview\EBWebView\Default
2026-08-02 19:25:10.129: [INFO] MostRecentlyActiveProfile: name=Profile 1 path=C:\Users\gninj\Downloads\AKI\webview\EBWebView\Default lastActive=2026-08-02T19:23:56.159Z
2026-08-02 19:25:10.129: [INFO] OnDoneLoading sync enabled: 0
2026-08-02 19:25:10.129: [INFO] BookmarkModelLoaded, ids_reassigned: 0
2026-08-02 19:25:10.129: [INFO] BookmarksLoadDropped droppedNodes=0
2026-08-02 19:25:10.129: [INFO] BookmarksSnapshot Startup total=0 bar=0 other=0 mobile=0 showBar=0 showBarNTP=1
2026-08-02 19:25:29.044: [INFO] BookmarksSnapshot Shutdown total=0 bar=0 other=0 mobile=0 showBar=0 showBarNTP=1
2026-08-02 19:39:24.191: [INFO] CurrentProfilePath: C:\Users\gninj\Downloads\AKI\webview\EBWebView\Default
2026-08-02 19:39:24.191: [INFO] Profiles total count: 1
2026-08-02 19:39:24.192: [INFO] Profile: name=Profile 1 path=C:\Users\gninj\Downloads\AKI\webview\EBWebView\Default lastActive=2026-08-02T19:25:10.254Z
2026-08-02 19:39:24.192: [INFO] LastUsedProfileDir: C:\Users\gninj\Downloads\AKI\webview\EBWebView\Default
2026-08-02 19:39:24.192: [INFO] MostRecentlyActiveProfile: name=Profile 1 path=C:\Users\gninj\Downloads\AKI\webview\EBWebView\Default lastActive=2026-08-02T19:25:10.254Z
2026-08-02 19:39:24.192: [INFO] OnDoneLoading sync enabled: 0
2026-08-02 19:39:24.192: [INFO] BookmarkModelLoaded, ids_reassigned: 0
2026-08-02 19:39:24.192: [INFO] BookmarksLoadDropped droppedNodes=0
2026-08-02 19:39:24.192: [INFO] BookmarksSnapshot Startup total=0 bar=0 other=0 mobile=0 showBar=0 showBarNTP=1
2026-08-02 19:45:35.393: [INFO] BookmarksSnapshot Shutdown total=0 bar=0 other=0 mobile=0 showBar=0 showBarNTP=1
2026-08-02 19:51:59.486: [INFO] CurrentProfilePath: C:\Users\gninj\Downloads\AKI\webview\EBWebView\Default
2026-08-02 19:51:59.486: [INFO] Profiles total count: 1
2026-08-02 19:51:59.487: [INFO] Profile: name=Profile 1 path=C:\Users\gninj\Downloads\AKI\webview\EBWebView\Default lastActive=2026-08-02T19:43:06.188Z
2026-08-02 19:51:59.487: [INFO] LastUsedProfileDir: C:\Users\gninj\Downloads\AKI\webview\EBWebView\Default
2026-08-02 19:51:59.487: [INFO] MostRecentlyActiveProfile: name=Profile 1 path=C:\Users\gninj\Downloads\AKI\webview\EBWebView\Default lastActive=2026-08-02T19:43:06.188Z
2026-08-02 19:51:59.487: [INFO] OnDoneLoading sync enabled: 0
2026-08-02 19:51:59.487: [INFO] BookmarkModelLoaded, ids_reassigned: 0
2026-08-02 19:51:59.487: [INFO] BookmarksLoadDropped droppedNodes=0
2026-08-02 19:51:59.487: [INFO] BookmarksSnapshot Startup total=0 bar=0 other=0 mobile=0 showBar=0 showBarNTP=1
2026-08-02 19:57:20.700: [INFO] BookmarksSnapshot Shutdown total=0 bar=0 other=0 mobile=0 showBar=0 showBarNTP=1
2026-08-02 22:18:44.378: [INFO] CurrentProfilePath: C:\Users\gninj\Downloads\AKI\webview\EBWebView\Default
2026-08-02 22:18:44.378: [INFO] Profiles total count: 1
2026-08-02 22:18:44.378: [INFO] Profile: name=Profile 1 path=C:\Users\gninj\Downloads\AKI\webview\EBWebView\Default lastActive=2026-08-02T19:57:20.536Z
2026-08-02 22:18:44.378: [INFO] LastUsedProfileDir: C:\Users\gninj\Downloads\AKI\webview\EBWebView\Default
2026-08-02 22:18:44.378: [INFO] MostRecentlyActiveProfile: name=Profile 1 path=C:\Users\gninj\Downloads\AKI\webview\EBWebView\Default lastActive=2026-08-02T19:57:20.536Z
2026-08-02 22:18:44.378: [INFO] OnDoneLoading sync enabled: 0
2026-08-02 22:18:44.378: [INFO] BookmarkModelLoaded, ids_reassigned: 0
2026-08-02 22:18:44.378: [INFO] BookmarksLoadDropped droppedNodes=0
2026-08-02 22:18:44.378: [INFO] BookmarksSnapshot Startup total=0 bar=0 other=0 mobile=0 showBar=0 showBarNTP=1
2026-08-02 22:25:30.370: [INFO] BookmarksSnapshot Shutdown total=0 bar=0 other=0 mobile=0 showBar=0 showBarNTP=1
2026-08-02 23:14:45.597: [INFO] CurrentProfilePath: C:\Users\gninj\Downloads\AKI\webview\EBWebView\Default
2026-08-02 23:14:45.597: [INFO] Profiles total count: 1
2026-08-02 23:14:45.598: [INFO] Profile: name=Profile 1 path=C:\Users\gninj\Downloads\AKI\webview\EBWebView\Default lastActive=2026-08-02T22:21:55.464Z
2026-08-02 23:14:45.598: [INFO] LastUsedProfileDir: C:\Users\gninj\Downloads\AKI\webview\EBWebView\Default
2026-08-02 23:14:45.598: [INFO] MostRecentlyActiveProfile: name=Profile 1 path=C:\Users\gninj\Downloads\AKI\webview\EBWebView\Default lastActive=2026-08-02T22:21:55.464Z
2026-08-02 23:14:45.598: [INFO] OnDoneLoading sync enabled: 0
2026-08-02 23:14:45.598: [INFO] BookmarkModelLoaded, ids_reassigned: 0
2026-08-02 23:14:45.598: [INFO] BookmarksLoadDropped droppedNodes=0
2026-08-02 23:14:45.598: [INFO] BookmarksSnapshot Startup total=0 bar=0 other=0 mobile=0 showBar=0 showBarNTP=1
2026-08-02 23:16:22.253: [INFO] BookmarksSnapshot Shutdown total=0 bar=0 other=0 mobile=0 showBar=0 showBarNTP=1
2026-08-02 23:35:37.710: [INFO] CurrentProfilePath: C:\Users\gninj\Downloads\AKI\webview\EBWebView\Default
2026-08-02 23:35:37.710: [INFO] Profiles total count: 1
2026-08-02 23:35:37.710: [INFO] Profile: name=Profile 1 path=C:\Users\gninj\Downloads\AKI\webview\EBWebView\Default lastActive=2026-08-02T23:16:21.235Z
2026-08-02 23:35:37.710: [INFO] LastUsedProfileDir: C:\Users\gninj\Downloads\AKI\webview\EBWebView\Default
2026-08-02 23:35:37.710: [INFO] MostRecentlyActiveProfile: name=Profile 1 path=C:\Users\gninj\Downloads\AKI\webview\EBWebView\Default lastActive=2026-08-02T23:16:21.235Z
2026-08-02 23:35:37.710: [INFO] OnDoneLoading sync enabled: 0
2026-08-02 23:35:37.710: [INFO] BookmarkModelLoaded, ids_reassigned: 0
2026-08-02 23:35:37.710: [INFO] BookmarksLoadDropped droppedNodes=0
2026-08-02 23:35:37.710: [INFO] BookmarksSnapshot Startup total=0 bar=0 other=0 mobile=0 showBar=0 showBarNTP=1
2026-08-02 23:35:58.390: [INFO] BookmarksSnapshot Shutdown total=0 bar=0 other=0 mobile=0 showBar=0 showBarNTP=1
2026-08-02 23:36:05.753: [INFO] CurrentProfilePath: C:\Users\gninj\Downloads\AKI\webview\EBWebView\Default
2026-08-02 23:36:05.753: [INFO] Profiles total count: 1
2026-08-02 23:36:05.753: [INFO] Profile: name=Profile 1 path=C:\Users\gninj\Downloads\AKI\webview\EBWebView\Default lastActive=2026-08-02T23:35:37.823Z
2026-08-02 23:36:05.753: [INFO] LastUsedProfileDir: C:\Users\gninj\Downloads\AKI\webview\EBWebView\Default
2026-08-02 23:36:05.753: [INFO] MostRecentlyActiveProfile: name=Profile 1 path=C:\Users\gninj\Downloads\AKI\webview\EBWebView\Default lastActive=2026-08-02T23:35:37.823Z
2026-08-02 23:36:05.753: [INFO] OnDoneLoading sync enabled: 0
2026-08-02 23:36:05.753: [INFO] BookmarkModelLoaded, ids_reassigned: 0
2026-08-02 23:36:05.753: [INFO] BookmarksLoadDropped droppedNodes=0
2026-08-02 23:36:05.753: [INFO] BookmarksSnapshot Startup total=0 bar=0 other=0 mobile=0 showBar=0 showBarNTP=1
2026-08-02 23:36:53.412: [INFO] BookmarksSnapshot Shutdown total=0 bar=0 other=0 mobile=0 showBar=0 showBarNTP=1
2026-08-02 23:58:12.679: [INFO] CurrentProfilePath: C:\Users\gninj\Downloads\AKI\webview\EBWebView\Default
2026-08-02 23:58:12.679: [INFO] Profiles total count: 1
2026-08-02 23:58:12.679: [INFO] Profile: name=Profile 1 path=C:\Users\gninj\Downloads\AKI\webview\EBWebView\Default lastActive=2026-08-02T23:36:05.860Z
2026-08-02 23:58:12.679: [INFO] LastUsedProfileDir: C:\Users\gninj\Downloads\AKI\webview\EBWebView\Default
2026-08-02 23:58:12.679: [INFO] MostRecentlyActiveProfile: name=Profile 1 path=C:\Users\gninj\Downloads\AKI\webview\EBWebView\Default lastActive=2026-08-02T23:36:05.860Z
2026-08-02 23:58:12.679: [INFO] OnDoneLoading sync enabled: 0
2026-08-02 23:58:12.679: [INFO] BookmarkModelLoaded, ids_reassigned: 0
2026-08-02 23:58:12.679: [INFO] BookmarksLoadDropped droppedNodes=0
2026-08-02 23:58:12.679: [INFO] BookmarksSnapshot Startup total=0 bar=0 other=0 mobile=0 showBar=0 showBarNTP=1
2026-08-02 23:59:42.430: [INFO] BookmarksSnapshot Shutdown total=0 bar=0 other=0 mobile=0 showBar=0 showBarNTP=1
2026-08-03 02:38:04.138: [INFO] CurrentProfilePath: C:\Users\gninj\Downloads\AKI\webview\EBWebView\Default
2026-08-03 02:38:04.138: [INFO] Profiles total count: 1
2026-08-03 02:38:04.138: [INFO] Profile: name=Profile 1 path=C:\Users\gninj\Downloads\AKI\webview\EBWebView\Default lastActive=2026-08-02T23:59:04.615Z
2026-08-03 02:38:04.138: [INFO] LastUsedProfileDir: C:\Users\gninj\Downloads\AKI\webview\EBWebView\Default
2026-08-03 02:38:04.138: [INFO] MostRecentlyActiveProfile: name=Profile 1 path=C:\Users\gninj\Downloads\AKI\webview\EBWebView\Default lastActive=2026-08-02T23:59:04.615Z
2026-08-03 02:38:04.138: [INFO] OnDoneLoading sync enabled: 0
2026-08-03 02:38:04.138: [INFO] BookmarkModelLoaded, ids_reassigned: 0
2026-08-03 02:38:04.138: [INFO] BookmarksLoadDropped droppedNodes=0
2026-08-03 02:38:04.138: [INFO] BookmarksSnapshot Startup total=0 bar=0 other=0 mobile=0 showBar=0 showBarNTP=1
2026-08-03 02:41:13.163: [INFO] BookmarksSnapshot Shutdown total=0 bar=0 other=0 mobile=0 showBar=0 showBarNTP=1
2026-08-03 02:41:23.847: [INFO] CurrentProfilePath: C:\Users\gninj\Downloads\AKI\webview\EBWebView\Default
2026-08-03 02:41:23.847: [INFO] Profiles total count: 1
2026-08-03 02:41:23.848: [INFO] Profile: name=Profile 1 path=C:\Users\gninj\Downloads\AKI\webview\EBWebView\Default lastActive=2026-08-03T02:41:11.508Z
2026-08-03 02:41:23.848: [INFO] LastUsedProfileDir: C:\Users\gninj\Downloads\AKI\webview\EBWebView\Default
2026-08-03 02:41:23.848: [INFO] MostRecentlyActiveProfile: name=Profile 1 path=C:\Users\gninj\Downloads\AKI\webview\EBWebView\Default lastActive=2026-08-03T02:41:11.508Z
2026-08-03 02:41:23.848: [INFO] OnDoneLoading sync enabled: 0
2026-08-03 02:41:23.848: [INFO] BookmarkModelLoaded, ids_reassigned: 0
2026-08-03 02:41:23.848: [INFO] BookmarksLoadDropped droppedNodes=0
2026-08-03 02:41:23.848: [INFO] BookmarksSnapshot Startup total=0 bar=0 other=0 mobile=0 showBar=0 showBarNTP=1
2026-08-03 02:41:28.822: [INFO] BookmarksSnapshot Shutdown total=0 bar=0 other=0 mobile=0 showBar=0 showBarNTP=1
2026-08-03 12:52:11.144: [INFO] CurrentProfilePath: C:\Users\gninj\Downloads\AKI\webview\EBWebView\Default
2026-08-03 12:52:11.144: [INFO] Profiles total count: 1
2026-08-03 12:52:11.144: [INFO] Profile: name=Profile 1 path=C:\Users\gninj\Downloads\AKI\webview\EBWebView\Default lastActive=2026-08-03T02:41:25.636Z
2026-08-03 12:52:11.144: [INFO] LastUsedProfileDir: C:\Users\gninj\Downloads\AKI\webview\EBWebView\Default
2026-08-03 12:52:11.144: [INFO] MostRecentlyActiveProfile: name=Profile 1 path=C:\Users\gninj\Downloads\AKI\webview\EBWebView\Default lastActive=2026-08-03T02:41:25.636Z
2026-08-03 12:52:11.144: [INFO] OnDoneLoading sync enabled: 0
2026-08-03 12:52:11.144: [INFO] BookmarkModelLoaded, ids_reassigned: 0
2026-08-03 12:52:11.144: [INFO] BookmarksLoadDropped droppedNodes=0
2026-08-03 12:52:11.144: [INFO] BookmarksSnapshot Startup total=0 bar=0 other=0 mobile=0 showBar=0 showBarNTP=1
2026-08-03 12:56:38.585: [INFO] BookmarksSnapshot Shutdown total=0 bar=0 other=0 mobile=0 showBar=0 showBarNTP=1
2026-08-03 14:05:15.208: [INFO] CurrentProfilePath: C:\Users\gninj\Downloads\AKI\webview\EBWebView\Default
2026-08-03 14:05:15.208: [INFO] Profiles total count: 1
2026-08-03 14:05:15.208: [INFO] Profile: name=Profile 1 path=C:\Users\gninj\Downloads\AKI\webview\EBWebView\Default lastActive=2026-08-03T12:56:35.874Z
2026-08-03 14:05:15.208: [INFO] LastUsedProfileDir: C:\Users\gninj\Downloads\AKI\webview\EBWebView\Default
2026-08-03 14:05:15.208: [INFO] MostRecentlyActiveProfile: name=Profile 1 path=C:\Users\gninj\Downloads\AKI\webview\EBWebView\Default lastActive=2026-08-03T12:56:35.874Z
2026-08-03 14:05:15.208: [INFO] OnDoneLoading sync enabled: 0
2026-08-03 14:05:15.208: [INFO] BookmarkModelLoaded, ids_reassigned: 0
2026-08-03 14:05:15.208: [INFO] BookmarksLoadDropped droppedNodes=0
2026-08-03 14:05:15.208: [INFO] BookmarksSnapshot Startup total=0 bar=0 other=0 mobile=0 showBar=0 showBarNTP=1
2026-08-03 14:08:35.890: [INFO] BookmarksSnapshot Shutdown total=0 bar=0 other=0 mobile=0 showBar=0 showBarNTP=1
2026-08-03 16:24:18.531: [INFO] CurrentProfilePath: C:\Users\gninj\Downloads\AKI\webview\EBWebView\Default
2026-08-03 16:24:18.531: [INFO] Profiles total count: 1
2026-08-03 16:24:18.531: [INFO] Profile: name=Profile 1 path=C:\Users\gninj\Downloads\AKI\webview\EBWebView\Default lastActive=2026-08-03T14:08:35.778Z
2026-08-03 16:24:18.531: [INFO] LastUsedProfileDir: C:\Users\gninj\Downloads\AKI\webview\EBWebView\Default
2026-08-03 16:24:18.531: [INFO] MostRecentlyActiveProfile: name=Profile 1 path=C:\Users\gninj\Downloads\AKI\webview\EBWebView\Default lastActive=2026-08-03T14:08:35.778Z
2026-08-03 16:24:18.531: [INFO] OnDoneLoading sync enabled: 0
2026-08-03 16:24:18.531: [INFO] BookmarkModelLoaded, ids_reassigned: 0
2026-08-03 16:24:18.531: [INFO] BookmarksLoadDropped droppedNodes=0
2026-08-03 16:24:18.531: [INFO] BookmarksSnapshot Startup total=0 bar=0 other=0 mobile=0 showBar=0 showBarNTP=1
2026-08-03 16:24:51.603: [INFO] BookmarksSnapshot Shutdown total=0 bar=0 other=0 mobile=0 showBar=0 showBarNTP=1
2026-08-03 16:25:31.430: [INFO] CurrentProfilePath: C:\Users\gninj\Downloads\AKI\webview\EBWebView\Default
2026-08-03 16:25:31.430: [INFO] Profiles total count: 1
2026-08-03 16:25:31.430: [INFO] Profile: name=Profile 1 path=C:\Users\gninj\Downloads\AKI\webview\EBWebView\Default lastActive=2026-08-03T16:24:51.489Z
2026-08-03 16:25:31.430: [INFO] LastUsedProfileDir: C:\Users\gninj\Downloads\AKI\webview\EBWebView\Default
2026-08-03 16:25:31.430: [INFO] MostRecentlyActiveProfile: name=Profile 1 path=C:\Users\gninj\Downloads\AKI\webview\EBWebView\Default lastActive=2026-08-03T16:24:51.489Z
2026-08-03 16:25:31.430: [INFO] OnDoneLoading sync enabled: 0
2026-08-03 16:25:31.431: [INFO] BookmarkModelLoaded, ids_reassigned: 0
2026-08-03 16:25:31.431: [INFO] BookmarksLoadDropped droppedNodes=0
2026-08-03 16:25:31.431: [INFO] BookmarksSnapshot Startup total=0 bar=0 other=0 mobile=0 showBar=0 showBarNTP=1
2026-08-03 16:27:18.001: [INFO] BookmarksSnapshot Shutdown total=0 bar=0 other=0 mobile=0 showBar=0 showBarNTP=1
2026-08-03 17:15:33.954: [INFO] CurrentProfilePath: C:\Users\gninj\Downloads\AKI\webview\EBWebView\Default
2026-08-03 17:15:33.954: [INFO] Profiles total count: 1
2026-08-03 17:15:33.954: [INFO] Profile: name=Profile 1 path=C:\Users\gninj\Downloads\AKI\webview\EBWebView\Default lastActive=2026-08-03T16:27:17.888Z
2026-08-03 17:15:33.954: [INFO] LastUsedProfileDir: C:\Users\gninj\Downloads\AKI\webview\EBWebView\Default
2026-08-03 17:15:33.954: [INFO] MostRecentlyActiveProfile: name=Profile 1 path=C:\Users\gninj\Downloads\AKI\webview\EBWebView\Default lastActive=2026-08-03T16:27:17.888Z
2026-08-03 17:15:33.954: [INFO] OnDoneLoading sync enabled: 0
2026-08-03 17:15:33.954: [INFO] BookmarkModelLoaded, ids_reassigned: 0
2026-08-03 17:15:33.954: [INFO] BookmarksLoadDropped droppedNodes=0
2026-08-03 17:15:33.954: [INFO] BookmarksSnapshot Startup total=0 bar=0 other=0 mobile=0 showBar=0 showBarNTP=1
2026-08-03 17:16:06.301: [INFO] BookmarksSnapshot Shutdown total=0 bar=0 other=0 mobile=0 showBar=0 showBarNTP=1
2026-08-04 01:30:39.886: [INFO] CurrentProfilePath: C:\Users\gninj\Downloads\AKI\webview\EBWebView\Default
2026-08-04 01:30:39.886: [INFO] Profiles total count: 1
2026-08-04 01:30:39.886: [INFO] Profile: name=Profile 1 path=C:\Users\gninj\Downloads\AKI\webview\EBWebView\Default lastActive=2026-08-03T17:15:47.836Z
2026-08-04 01:30:39.886: [INFO] LastUsedProfileDir: C:\Users\gninj\Downloads\AKI\webview\EBWebView\Default
2026-08-04 01:30:39.886: [INFO] MostRecentlyActiveProfile: name=Profile 1 path=C:\Users\gninj\Downloads\AKI\webview\EBWebView\Default lastActive=2026-08-03T17:15:47.836Z
2026-08-04 01:30:39.886: [INFO] OnDoneLoading sync enabled: 0
2026-08-04 01:30:39.886: [INFO] BookmarkModelLoaded, ids_reassigned: 0
2026-08-04 01:30:39.886: [INFO] BookmarksLoadDropped droppedNodes=0
2026-08-04 01:30:39.886: [INFO] BookmarksSnapshot Startup total=0 bar=0 other=0 mobile=0 showBar=0 showBarNTP=1
2026-08-04 01:31:02.079: [INFO] BookmarksSnapshot Shutdown total=0 bar=0 other=0 mobile=0 showBar=0 showBarNTP=1
2026-08-04 01:48:06.892: [INFO] CurrentProfilePath: C:\Users\gninj\Downloads\AKI\webview\EBWebView\Default
2026-08-04 01:48:06.892: [INFO] Profiles total count: 1
2026-08-04 01:48:06.892: [INFO] Profile: name=Profile 1 path=C:\Users\gninj\Downloads\AKI\webview\EBWebView\Default lastActive=2026-08-04T01:31:01.967Z
2026-08-04 01:48:06.892: [INFO] LastUsedProfileDir: C:\Users\gninj\Downloads\AKI\webview\EBWebView\Default
2026-08-04 01:48:06.892: [INFO] MostRecentlyActiveProfile: name=Profile 1 path=C:\Users\gninj\Downloads\AKI\webview\EBWebView\Default lastActive=2026-08-04T01:31:01.967Z
2026-08-04 01:48:06.892: [INFO] OnDoneLoading sync enabled: 0
2026-08-04 01:48:06.892: [INFO] BookmarkModelLoaded, ids_reassigned: 0
2026-08-04 01:48:06.892: [INFO] BookmarksLoadDropped droppedNodes=0
2026-08-04 01:48:06.892: [INFO] BookmarksSnapshot Startup total=0 bar=0 other=0 mobile=0 showBar=0 showBarNTP=1
2026-08-04 01:48:31.694: [INFO] BookmarksSnapshot Shutdown total=0 bar=0 other=0 mobile=0 showBar=0 showBarNTP=1
2026-08-04 02:07:39.831: [INFO] CurrentProfilePath: C:\Users\gninj\Downloads\AKI\webview\EBWebView\Default
2026-08-04 02:07:39.831: [INFO] Profiles total count: 1
2026-08-04 02:07:39.831: [INFO] Profile: name=Profile 1 path=C:\Users\gninj\Downloads\AKI\webview\EBWebView\Default lastActive=2026-08-04T01:48:31.579Z
2026-08-04 02:07:39.831: [INFO] LastUsedProfileDir: C:\Users\gninj\Downloads\AKI\webview\EBWebView\Default
2026-08-04 02:07:39.831: [INFO] MostRecentlyActiveProfile: name=Profile 1 path=C:\Users\gninj\Downloads\AKI\webview\EBWebView\Default lastActive=2026-08-04T01:48:31.579Z
2026-08-04 02:07:39.831: [INFO] OnDoneLoading sync enabled: 0
2026-08-04 02:07:39.831: [INFO] BookmarkModelLoaded, ids_reassigned: 0
2026-08-04 02:07:39.831: [INFO] BookmarksLoadDropped droppedNodes=0
2026-08-04 02:07:39.831: [INFO] BookmarksSnapshot Startup total=0 bar=0 other=0 mobile=0 showBar=0 showBarNTP=1
2026-08-04 02:12:09.092: [INFO] BookmarksSnapshot Shutdown total=0 bar=0 other=0 mobile=0 showBar=0 showBarNTP=1
2026-08-04 13:18:05.296: [INFO] CurrentProfilePath: C:\Users\gninj\Downloads\AKI\webview\EBWebView\Default
2026-08-04 13:18:05.296: [INFO] Profiles total count: 1
2026-08-04 13:18:05.296: [INFO] Profile: name=Profile 1 path=C:\Users\gninj\Downloads\AKI\webview\EBWebView\Default lastActive=2026-08-04T02:12:07.333Z
2026-08-04 13:18:05.296: [INFO] LastUsedProfileDir: C:\Users\gninj\Downloads\AKI\webview\EBWebView\Default
2026-08-04 13:18:05.296: [INFO] MostRecentlyActiveProfile: name=Profile 1 path=C:\Users\gninj\Downloads\AKI\webview\EBWebView\Default lastActive=2026-08-04T02:12:07.333Z
2026-08-04 13:18:05.296: [INFO] OnDoneLoading sync enabled: 0
2026-08-04 13:18:05.296: [INFO] BookmarkModelLoaded, ids_reassigned: 0
2026-08-04 13:18:05.296: [INFO] BookmarksLoadDropped droppedNodes=0
2026-08-04 13:18:05.296: [INFO] BookmarksSnapshot Startup total=0 bar=0 other=0 mobile=0 showBar=0 showBarNTP=1
2026-08-04 14:07:55.485: [INFO] BookmarksSnapshot Shutdown total=0 bar=0 other=0 mobile=0 showBar=0 showBarNTP=1
2026-08-04 14:35:49.700: [INFO] CurrentProfilePath: C:\Users\gninj\Downloads\AKI\webview\EBWebView\Default
2026-08-04 14:35:49.700: [INFO] Profiles total count: 1
2026-08-04 14:35:49.700: [INFO] Profile: name=Profile 1 path=C:\Users\gninj\Downloads\AKI\webview\EBWebView\Default lastActive=2026-08-04T14:07:52.911Z
2026-08-04 14:35:49.700: [INFO] LastUsedProfileDir: C:\Users\gninj\Downloads\AKI\webview\EBWebView\Default
2026-08-04 14:35:49.700: [INFO] MostRecentlyActiveProfile: name=Profile 1 path=C:\Users\gninj\Downloads\AKI\webview\EBWebView\Default lastActive=2026-08-04T14:07:52.911Z
2026-08-04 14:35:49.700: [INFO] OnDoneLoading sync enabled: 0
2026-08-04 14:35:49.700: [INFO] BookmarkModelLoaded, ids_reassigned: 0
2026-08-04 14:35:49.701: [INFO] BookmarksLoadDropped droppedNodes=0
2026-08-04 14:35:49.701: [INFO] BookmarksSnapshot Startup total=0 bar=0 other=0 mobile=0 showBar=0 showBarNTP=1
2026-08-04 14:37:47.221: [INFO] BookmarksSnapshot Shutdown total=0 bar=0 other=0 mobile=0 showBar=0 showBarNTP=1
2026-08-04 16:39:09.492: [INFO] CurrentProfilePath: C:\Users\gninj\Downloads\AKI\webview\EBWebView\Default
2026-08-04 16:39:09.492: [INFO] Profiles total count: 1
2026-08-04 16:39:09.492: [INFO] Profile: name=Profile 1 path=C:\Users\gninj\Downloads\AKI\webview\EBWebView\Default lastActive=2026-08-04T14:37:38.846Z
2026-08-04 16:39:09.492: [INFO] LastUsedProfileDir: C:\Users\gninj\Downloads\AKI\webview\EBWebView\Default
2026-08-04 16:39:09.492: [INFO] MostRecentlyActiveProfile: name=Profile 1 path=C:\Users\gninj\Downloads\AKI\webview\EBWebView\Default lastActive=2026-08-04T14:37:38.846Z
2026-08-04 16:39:09.492: [INFO] OnDoneLoading sync enabled: 0
2026-08-04 16:39:09.492: [INFO] BookmarkModelLoaded, ids_reassigned: 0
2026-08-04 16:39:09.492: [INFO] BookmarksLoadDropped droppedNodes=0
2026-08-04 16:39:09.492: [INFO] BookmarksSnapshot Startup total=0 bar=0 other=0 mobile=0 showBar=0 showBarNTP=1
2026-08-04 16:41:35.953: [INFO] BookmarksSnapshot Shutdown total=0 bar=0 other=0 mobile=0 showBar=0 showBarNTP=1
2026-08-04 16:41:42.656: [INFO] CurrentProfilePath: C:\Users\gninj\Downloads\AKI\webview\EBWebView\Default
2026-08-04 16:41:42.656: [INFO] Profiles total count: 1
2026-08-04 16:41:42.656: [INFO] Profile: name=Profile 1 path=C:\Users\gninj\Downloads\AKI\webview\EBWebView\Default lastActive=2026-08-04T16:41:27.336Z
2026-08-04 16:41:42.656: [INFO] LastUsedProfileDir: C:\Users\gninj\Downloads\AKI\webview\EBWebView\Default
2026-08-04 16:41:42.656: [INFO] MostRecentlyActiveProfile: name=Profile 1 path=C:\Users\gninj\Downloads\AKI\webview\EBWebView\Default lastActive=2026-08-04T16:41:27.336Z
2026-08-04 16:41:42.656: [INFO] OnDoneLoading sync enabled: 0
2026-08-04 16:41:42.656: [INFO] BookmarkModelLoaded, ids_reassigned: 0
2026-08-04 16:41:42.656: [INFO] BookmarksLoadDropped droppedNodes=0
2026-08-04 16:41:42.656: [INFO] BookmarksSnapshot Startup total=0 bar=0 other=0 mobile=0 showBar=0 showBarNTP=1
2026-08-04 16:45:11.529: [INFO] BookmarksSnapshot Shutdown total=0 bar=0 other=0 mobile=0 showBar=0 showBarNTP=1
2026-08-04 16:51:18.166: [INFO] CurrentProfilePath: C:\Users\gninj\Downloads\AKI\webview\EBWebView\Default
2026-08-04 16:51:18.166: [INFO] Profiles total count: 1
2026-08-04 16:51:18.166: [INFO] Profile: name=Profile 1 path=C:\Users\gninj\Downloads\AKI\webview\EBWebView\Default lastActive=2026-08-04T16:45:11.422Z
2026-08-04 16:51:18.166: [INFO] LastUsedProfileDir: C:\Users\gninj\Downloads\AKI\webview\EBWebView\Default
2026-08-04 16:51:18.166: [INFO] MostRecentlyActiveProfile: name=Profile 1 path=C:\Users\gninj\Downloads\AKI\webview\EBWebView\Default lastActive=2026-08-04T16:45:11.422Z
2026-08-04 16:51:18.166: [INFO] OnDoneLoading sync enabled: 0
2026-08-04 16:51:18.166: [INFO] BookmarkModelLoaded, ids_reassigned: 0
2026-08-04 16:51:18.166: [INFO] BookmarksLoadDropped droppedNodes=0
2026-08-04 16:51:18.166: [INFO] BookmarksSnapshot Startup total=0 bar=0 other=0 mobile=0 showBar=0 showBarNTP=1
2026-08-04 16:52:22.146: [INFO] BookmarksSnapshot Shutdown total=0 bar=0 other=0 mobile=0 showBar=0 showBarNTP=1
2026-08-04 17:01:41.845: [INFO] CurrentProfilePath: C:\Users\gninj\Downloads\AKI\webview\EBWebView\Default
2026-08-04 17:01:41.845: [INFO] Profiles total count: 1
2026-08-04 17:01:41.845: [INFO] Profile: name=Profile 1 path=C:\Users\gninj\Downloads\AKI\webview\EBWebView\Default lastActive=2026-08-04T16:52:20.679Z
2026-08-04 17:01:41.845: [INFO] LastUsedProfileDir: C:\Users\gninj\Downloads\AKI\webview\EBWebView\Default
2026-08-04 17:01:41.845: [INFO] MostRecentlyActiveProfile: name=Profile 1 path=C:\Users\gninj\Downloads\AKI\webview\EBWebView\Default lastActive=2026-08-04T16:52:20.679Z
2026-08-04 17:01:41.845: [INFO] OnDoneLoading sync enabled: 0
2026-08-04 17:01:41.845: [INFO] BookmarkModelLoaded, ids_reassigned: 0
2026-08-04 17:01:41.845: [INFO] BookmarksLoadDropped droppedNodes=0
2026-08-04 17:01:41.845: [INFO] BookmarksSnapshot Startup total=0 bar=0 other=0 mobile=0 showBar=0 showBarNTP=1
2026-08-04 17:04:06.297: [INFO] BookmarksSnapshot Shutdown total=0 bar=0 other=0 mobile=0 showBar=0 showBarNTP=1
2026-08-04 17:04:19.802: [INFO] CurrentProfilePath: C:\Users\gninj\Downloads\AKI\webview\EBWebView\Default
2026-08-04 17:04:19.802: [INFO] Profiles total count: 1
2026-08-04 17:04:19.803: [INFO] Profile: name=Profile 1 path=C:\Users\gninj\Downloads\AKI\webview\EBWebView\Default lastActive=2026-08-04T17:04:02.275Z
2026-08-04 17:04:19.803: [INFO] LastUsedProfileDir: C:\Users\gninj\Downloads\AKI\webview\EBWebView\Default
2026-08-04 17:04:19.803: [INFO] MostRecentlyActiveProfile: name=Profile 1 path=C:\Users\gninj\Downloads\AKI\webview\EBWebView\Default lastActive=2026-08-04T17:04:02.275Z
2026-08-04 17:04:19.803: [INFO] OnDoneLoading sync enabled: 0
2026-08-04 17:04:19.803: [INFO] BookmarkModelLoaded, ids_reassigned: 0
2026-08-04 17:04:19.803: [INFO] BookmarksLoadDropped droppedNodes=0
2026-08-04 17:04:19.803: [INFO] BookmarksSnapshot Startup total=0 bar=0 other=0 mobile=0 showBar=0 showBarNTP=1
2026-08-04 17:11:43.434: [INFO] BookmarksSnapshot Shutdown total=0 bar=0 other=0 mobile=0 showBar=0 showBarNTP=1
2026-08-04 17:17:59.634: [INFO] CurrentProfilePath: C:\Users\gninj\Downloads\AKI\webview\EBWebView\Default
2026-08-04 17:17:59.634: [INFO] Profiles total count: 1
2026-08-04 17:17:59.634: [INFO] Profile: name=Profile 1 path=C:\Users\gninj\Downloads\AKI\webview\EBWebView\Default lastActive=2026-08-04T17:10:29.344Z
2026-08-04 17:17:59.634: [INFO] LastUsedProfileDir: C:\Users\gninj\Downloads\AKI\webview\EBWebView\Default
2026-08-04 17:17:59.634: [INFO] MostRecentlyActiveProfile: name=Profile 1 path=C:\Users\gninj\Downloads\AKI\webview\EBWebView\Default lastActive=2026-08-04T17:10:29.344Z
2026-08-04 17:17:59.634: [INFO] OnDoneLoading sync enabled: 0
2026-08-04 17:17:59.634: [INFO] BookmarkModelLoaded, ids_reassigned: 0
2026-08-04 17:17:59.634: [INFO] BookmarksLoadDropped droppedNodes=0
2026-08-04 17:17:59.634: [INFO] BookmarksSnapshot Startup total=0 bar=0 other=0 mobile=0 showBar=0 showBarNTP=1
2026-08-04 17:18:30.949: [INFO] BookmarksSnapshot Shutdown total=0 bar=0 other=0 mobile=0 showBar=0 showBarNTP=1
2026-08-04 17:25:10.672: [INFO] CurrentProfilePath: C:\Users\gninj\Downloads\AKI\webview\EBWebView\Default
2026-08-04 17:25:10.672: [INFO] Profiles total count: 1
2026-08-04 17:25:10.673: [INFO] Profile: name=Profile 1 path=C:\Users\gninj\Downloads\AKI\webview\EBWebView\Default lastActive=2026-08-04T17:18:29.998Z
2026-08-04 17:25:10.673: [INFO] LastUsedProfileDir: C:\Users\gninj\Downloads\AKI\webview\EBWebView\Default
2026-08-04 17:25:10.673: [INFO] MostRecentlyActiveProfile: name=Profile 1 path=C:\Users\gninj\Downloads\AKI\webview\EBWebView\Default lastActive=2026-08-04T17:18:29.998Z
2026-08-04 17:25:10.673: [INFO] OnDoneLoading sync enabled: 0
2026-08-04 17:25:10.673: [INFO] BookmarkModelLoaded, ids_reassigned: 0
2026-08-04 17:25:10.673: [INFO] BookmarksLoadDropped droppedNodes=0
2026-08-04 17:25:10.673: [INFO] BookmarksSnapshot Startup total=0 bar=0 other=0 mobile=0 showBar=0 showBarNTP=1
2026-08-04 17:27:51.394: [INFO] BookmarksSnapshot Shutdown total=0 bar=0 other=0 mobile=0 showBar=0 showBarNTP=1
2026-08-04 17:54:30.591: [INFO] CurrentProfilePath: C:\Users\gninj\Downloads\AKI\webview\EBWebView\Default
2026-08-04 17:54:30.591: [INFO] Profiles total count: 1
2026-08-04 17:54:30.591: [INFO] Profile: name=Profile 1 path=C:\Users\gninj\Downloads\AKI\webview\EBWebView\Default lastActive=2026-08-04T17:27:22.292Z
2026-08-04 17:54:30.591: [INFO] LastUsedProfileDir: C:\Users\gninj\Downloads\AKI\webview\EBWebView\Default
2026-08-04 17:54:30.591: [INFO] MostRecentlyActiveProfile: name=Profile 1 path=C:\Users\gninj\Downloads\AKI\webview\EBWebView\Default lastActive=2026-08-04T17:27:22.292Z
2026-08-04 17:54:30.591: [INFO] OnDoneLoading sync enabled: 0
2026-08-04 17:54:30.591: [INFO] BookmarkModelLoaded, ids_reassigned: 0
2026-08-04 17:54:30.591: [INFO] BookmarksLoadDropped droppedNodes=0
2026-08-04 17:54:30.591: [INFO] BookmarksSnapshot Startup total=0 bar=0 other=0 mobile=0 showBar=0 showBarNTP=1
2026-08-04 18:01:19.665: [INFO] BookmarksSnapshot Shutdown total=0 bar=0 other=0 mobile=0 showBar=0 showBarNTP=1
2026-08-04 18:18:19.031: [INFO] CurrentProfilePath: C:\Users\gninj\Downloads\AKI\webview\EBWebView\Default
2026-08-04 18:18:19.031: [INFO] Profiles total count: 1
2026-08-04 18:18:19.031: [INFO] Profile: name=Profile 1 path=C:\Users\gninj\Downloads\AKI\webview\EBWebView\Default lastActive=2026-08-04T18:01:13.499Z
2026-08-04 18:18:19.031: [INFO] LastUsedProfileDir: C:\Users\gninj\Downloads\AKI\webview\EBWebView\Default
2026-08-04 18:18:19.031: [INFO] MostRecentlyActiveProfile: name=Profile 1 path=C:\Users\gninj\Downloads\AKI\webview\EBWebView\Default lastActive=2026-08-04T18:01:13.499Z
2026-08-04 18:18:19.031: [INFO] OnDoneLoading sync enabled: 0
2026-08-04 18:18:19.031: [INFO] BookmarkModelLoaded, ids_reassigned: 0
2026-08-04 18:18:19.031: [INFO] BookmarksLoadDropped droppedNodes=0
2026-08-04 18:18:19.031: [INFO] BookmarksSnapshot Startup total=0 bar=0 other=0 mobile=0 showBar=0 showBarNTP=1
2026-08-04 18:21:09.299: [INFO] BookmarksSnapshot Shutdown total=0 bar=0 other=0 mobile=0 showBar=0 showBarNTP=1
2026-08-04 18:32:48.543: [INFO] CurrentProfilePath: C:\Users\gninj\Downloads\AKI\webview\EBWebView\Default
2026-08-04 18:32:48.543: [INFO] Profiles total count: 1
2026-08-04 18:32:48.543: [INFO] Profile: name=Profile 1 path=C:\Users\gninj\Downloads\AKI\webview\EBWebView\Default lastActive=2026-08-04T18:20:58.762Z
2026-08-04 18:32:48.543: [INFO] LastUsedProfileDir: C:\Users\gninj\Downloads\AKI\webview\EBWebView\Default
2026-08-04 18:32:48.543: [INFO] MostRecentlyActiveProfile: name=Profile 1 path=C:\Users\gninj\Downloads\AKI\webview\EBWebView\Default lastActive=2026-08-04T18:20:58.762Z
2026-08-04 18:32:48.543: [INFO] OnDoneLoading sync enabled: 0
2026-08-04 18:32:48.543: [INFO] BookmarkModelLoaded, ids_reassigned: 0
2026-08-04 18:32:48.543: [INFO] BookmarksLoadDropped droppedNodes=0
2026-08-04 18:32:48.543: [INFO] BookmarksSnapshot Startup total=0 bar=0 other=0 mobile=0 showBar=0 showBarNTP=1
2026-08-04 18:42:15.145: [INFO] BookmarksSnapshot Shutdown total=0 bar=0 other=0 mobile=0 showBar=0 showBarNTP=1
2026-08-04 18:42:25.079: [INFO] CurrentProfilePath: C:\Users\gninj\Downloads\AKI\webview\EBWebView\Default
2026-08-04 18:42:25.079: [INFO] Profiles total count: 1
2026-08-04 18:42:25.079: [INFO] Profile: name=Profile 1 path=C:\Users\gninj\Downloads\AKI\webview\EBWebView\Default lastActive=2026-08-04T18:38:47.777Z
2026-08-04 18:42:25.079: [INFO] LastUsedProfileDir: C:\Users\gninj\Downloads\AKI\webview\EBWebView\Default
2026-08-04 18:42:25.079: [INFO] MostRecentlyActiveProfile: name=Profile 1 path=C:\Users\gninj\Downloads\AKI\webview\EBWebView\Default lastActive=2026-08-04T18:38:47.777Z
2026-08-04 18:42:25.079: [INFO] OnDoneLoading sync enabled: 0
2026-08-04 18:42:25.079: [INFO] BookmarkModelLoaded, ids_reassigned: 0
2026-08-04 18:42:25.079: [INFO] BookmarksLoadDropped droppedNodes=0
2026-08-04 18:42:25.079: [INFO] BookmarksSnapshot Startup total=0 bar=0 other=0 mobile=0 showBar=0 showBarNTP=1
2026-08-04 18:42:55.822: [INFO] BookmarksSnapshot Shutdown total=0 bar=0 other=0 mobile=0 showBar=0 showBarNTP=1
2026-08-04 18:45:17.481: [INFO] CurrentProfilePath: C:\Users\gninj\Downloads\AKI\webview\EBWebView\Default
2026-08-04 18:45:17.481: [INFO] Profiles total count: 1
2026-08-04 18:45:17.481: [INFO] Profile: name=Profile 1 path=C:\Users\gninj\Downloads\AKI\webview\EBWebView\Default lastActive=2026-08-04T18:42:25.191Z
2026-08-04 18:45:17.481: [INFO] LastUsedProfileDir: C:\Users\gninj\Downloads\AKI\webview\EBWebView\Default
2026-08-04 18:45:17.481: [INFO] MostRecentlyActiveProfile: name=Profile 1 path=C:\Users\gninj\Downloads\AKI\webview\EBWebView\Default lastActive=2026-08-04T18:42:25.191Z
2026-08-04 18:45:17.481: [INFO] OnDoneLoading sync enabled: 0
2026-08-04 18:45:17.481: [INFO] BookmarkModelLoaded, ids_reassigned: 0
2026-08-04 18:45:17.481: [INFO] BookmarksLoadDropped droppedNodes=0
2026-08-04 18:45:17.481: [INFO] BookmarksSnapshot Startup total=0 bar=0 other=0 mobile=0 showBar=0 showBarNTP=1
2026-08-04 18:46:19.922: [INFO] BookmarksSnapshot Shutdown total=0 bar=0 other=0 mobile=0 showBar=0 showBarNTP=1
2026-08-04 18:49:00.374: [INFO] CurrentProfilePath: C:\Users\gninj\Downloads\AKI\webview\EBWebView\Default
2026-08-04 18:49:00.374: [INFO] Profiles total count: 1
2026-08-04 18:49:00.375: [INFO] Profile: name=Profile 1 path=C:\Users\gninj\Downloads\AKI\webview\EBWebView\Default lastActive=2026-08-04T18:46:15.648Z
2026-08-04 18:49:00.375: [INFO] LastUsedProfileDir: C:\Users\gninj\Downloads\AKI\webview\EBWebView\Default
2026-08-04 18:49:00.375: [INFO] MostRecentlyActiveProfile: name=Profile 1 path=C:\Users\gninj\Downloads\AKI\webview\EBWebView\Default lastActive=2026-08-04T18:46:15.648Z
2026-08-04 18:49:00.375: [INFO] OnDoneLoading sync enabled: 0
2026-08-04 18:49:00.375: [INFO] BookmarkModelLoaded, ids_reassigned: 0
2026-08-04 18:49:00.375: [INFO] BookmarksLoadDropped droppedNodes=0
2026-08-04 18:49:00.375: [INFO] BookmarksSnapshot Startup total=0 bar=0 other=0 mobile=0 showBar=0 showBarNTP=1
2026-08-04 18:55:33.615: [INFO] BookmarksSnapshot Shutdown total=0 bar=0 other=0 mobile=0 showBar=0 showBarNTP=1
2026-08-04 19:27:55.505: [INFO] CurrentProfilePath: C:\Users\gninj\Downloads\AKI\webview\EBWebView\Default
2026-08-04 19:27:55.505: [INFO] Profiles total count: 1
2026-08-04 19:27:55.505: [INFO] Profile: name=Profile 1 path=C:\Users\gninj\Downloads\AKI\webview\EBWebView\Default lastActive=2026-08-04T18:55:30.988Z
2026-08-04 19:27:55.505: [INFO] LastUsedProfileDir: C:\Users\gninj\Downloads\AKI\webview\EBWebView\Default
2026-08-04 19:27:55.505: [INFO] MostRecentlyActiveProfile: name=Profile 1 path=C:\Users\gninj\Downloads\AKI\webview\EBWebView\Default lastActive=2026-08-04T18:55:30.988Z
2026-08-04 19:27:55.505: [INFO] OnDoneLoading sync enabled: 0
2026-08-04 19:27:55.505: [INFO] BookmarkModelLoaded, ids_reassigned: 0
2026-08-04 19:27:55.505: [INFO] BookmarksLoadDropped droppedNodes=0
2026-08-04 19:27:55.505: [INFO] BookmarksSnapshot Startup total=0 bar=0 other=0 mobile=0 showBar=0 showBarNTP=1
2026-08-04 19:28:29.474: [INFO] BookmarksSnapshot Shutdown total=0 bar=0 other=0 mobile=0 showBar=0 showBarNTP=1
2026-08-04 19:31:21.185: [INFO] CurrentProfilePath: C:\Users\gninj\Downloads\AKI\webview\EBWebView\Default
2026-08-04 19:31:21.185: [INFO] Profiles total count: 1
2026-08-04 19:31:21.185: [INFO] Profile: name=Profile 1 path=C:\Users\gninj\Downloads\AKI\webview\EBWebView\Default lastActive=2026-08-04T19:27:55.623Z
2026-08-04 19:31:21.185: [INFO] LastUsedProfileDir: C:\Users\gninj\Downloads\AKI\webview\EBWebView\Default
2026-08-04 19:31:21.185: [INFO] MostRecentlyActiveProfile: name=Profile 1 path=C:\Users\gninj\Downloads\AKI\webview\EBWebView\Default lastActive=2026-08-04T19:27:55.623Z
2026-08-04 19:31:21.185: [INFO] OnDoneLoading sync enabled: 0
2026-08-04 19:31:21.185: [INFO] BookmarkModelLoaded, ids_reassigned: 0
2026-08-04 19:31:21.185: [INFO] BookmarksLoadDropped droppedNodes=0
2026-08-04 19:31:21.185: [INFO] BookmarksSnapshot Startup total=0 bar=0 other=0 mobile=0 showBar=0 showBarNTP=1
2026-08-04 19:33:46.322: [INFO] BookmarksSnapshot Shutdown total=0 bar=0 other=0 mobile=0 showBar=0 showBarNTP=1
2026-08-04 19:34:37.913: [INFO] CurrentProfilePath: C:\Users\gninj\Downloads\AKI\webview\EBWebView\Default
2026-08-04 19:34:37.913: [INFO] Profiles total count: 1
2026-08-04 19:34:37.914: [INFO] Profile: name=Profile 1 path=C:\Users\gninj\Downloads\AKI\webview\EBWebView\Default lastActive=2026-08-04T19:33:35.998Z
2026-08-04 19:34:37.914: [INFO] LastUsedProfileDir: C:\Users\gninj\Downloads\AKI\webview\EBWebView\Default
2026-08-04 19:34:37.914: [INFO] MostRecentlyActiveProfile: name=Profile 1 path=C:\Users\gninj\Downloads\AKI\webview\EBWebView\Default lastActive=2026-08-04T19:33:35.998Z
2026-08-04 19:34:37.914: [INFO] OnDoneLoading sync enabled: 0
2026-08-04 19:34:37.914: [INFO] BookmarkModelLoaded, ids_reassigned: 0
2026-08-04 19:34:37.914: [INFO] BookmarksLoadDropped droppedNodes=0
2026-08-04 19:34:37.914: [INFO] BookmarksSnapshot Startup total=0 bar=0 other=0 mobile=0 showBar=0 showBarNTP=1
2026-08-04 19:41:40.098: [INFO] BookmarksSnapshot Shutdown total=0 bar=0 other=0 mobile=0 showBar=0 showBarNTP=1
2026-08-04 20:06:41.127: [INFO] CurrentProfilePath: C:\Users\gninj\Downloads\AKI\webview\EBWebView\Default
2026-08-04 20:06:41.127: [INFO] Profiles total count: 1
2026-08-04 20:06:41.127: [INFO] Profile: name=Profile 1 path=C:\Users\gninj\Downloads\AKI\webview\EBWebView\Default lastActive=2026-08-04T19:41:38.910Z
2026-08-04 20:06:41.127: [INFO] LastUsedProfileDir: C:\Users\gninj\Downloads\AKI\webview\EBWebView\Default
2026-08-04 20:06:41.127: [INFO] MostRecentlyActiveProfile: name=Profile 1 path=C:\Users\gninj\Downloads\AKI\webview\EBWebView\Default lastActive=2026-08-04T19:41:38.910Z
2026-08-04 20:06:41.127: [INFO] OnDoneLoading sync enabled: 0
2026-08-04 20:06:41.127: [INFO] BookmarkModelLoaded, ids_reassigned: 0
2026-08-04 20:06:41.127: [INFO] BookmarksLoadDropped droppedNodes=0
2026-08-04 20:06:41.127: [INFO] BookmarksSnapshot Startup total=0 bar=0 other=0 mobile=0 showBar=0 showBarNTP=1
2026-08-04 20:15:25.548: [INFO] BookmarksSnapshot Shutdown total=0 bar=0 other=0 mobile=0 showBar=0 showBarNTP=1
2026-08-04 20:40:02.417: [INFO] CurrentProfilePath: C:\Users\gninj\Downloads\AKI\webview\EBWebView\Default
2026-08-04 20:40:02.417: [INFO] Profiles total count: 1
2026-08-04 20:40:02.417: [INFO] Profile: name=Profile 1 path=C:\Users\gninj\Downloads\AKI\webview\EBWebView\Default lastActive=2026-08-04T20:30:38.754Z
2026-08-04 20:40:02.417: [INFO] LastUsedProfileDir: C:\Users\gninj\Downloads\AKI\webview\EBWebView\Default
2026-08-04 20:40:02.417: [INFO] MostRecentlyActiveProfile: name=Profile 1 path=C:\Users\gninj\Downloads\AKI\webview\EBWebView\Default lastActive=2026-08-04T20:30:38.754Z
2026-08-04 20:40:02.417: [INFO] OnDoneLoading sync enabled: 0
2026-08-04 20:40:02.417: [INFO] BookmarkModelLoaded, ids_reassigned: 0
2026-08-04 20:40:02.417: [INFO] BookmarksLoadDropped droppedNodes=0
2026-08-04 20:40:02.417: [INFO] BookmarksSnapshot Startup total=0 bar=0 other=0 mobile=0 showBar=0 showBarNTP=1
2026-08-04 20:43:19.662: [INFO] BookmarksSnapshot Shutdown total=0 bar=0 other=0 mobile=0 showBar=0 showBarNTP=1
2026-08-04 20:54:51.125: [INFO] CurrentProfilePath: C:\Users\gninj\Downloads\AKI\webview\EBWebView\Default
2026-08-04 20:54:51.125: [INFO] Profiles total count: 1
2026-08-04 20:54:51.125: [INFO] Profile: name=Profile 1 path=C:\Users\gninj\Downloads\AKI\webview\EBWebView\Default lastActive=2026-08-04T20:42:58.703Z
2026-08-04 20:54:51.125: [INFO] LastUsedProfileDir: C:\Users\gninj\Downloads\AKI\webview\EBWebView\Default
2026-08-04 20:54:51.125: [INFO] MostRecentlyActiveProfile: name=Profile 1 path=C:\Users\gninj\Downloads\AKI\webview\EBWebView\Default lastActive=2026-08-04T20:42:58.703Z
2026-08-04 20:54:51.125: [INFO] OnDoneLoading sync enabled: 0
2026-08-04 20:54:51.125: [INFO] BookmarkModelLoaded, ids_reassigned: 0
2026-08-04 20:54:51.125: [INFO] BookmarksLoadDropped droppedNodes=0
2026-08-04 20:54:51.125: [INFO] BookmarksSnapshot Startup total=0 bar=0 other=0 mobile=0 showBar=0 showBarNTP=1
2026-08-04 20:55:42.857: [INFO] BookmarksSnapshot Shutdown total=0 bar=0 other=0 mobile=0 showBar=0 showBarNTP=1
2026-08-04 21:16:36.263: [INFO] CurrentProfilePath: C:\Users\gninj\Downloads\AKI\webview\EBWebView\Default
2026-08-04 21:16:36.263: [INFO] Profiles total count: 1
2026-08-04 21:16:36.263: [INFO] Profile: name=Profile 1 path=C:\Users\gninj\Downloads\AKI\webview\EBWebView\Default lastActive=2026-08-04T20:54:51.238Z
2026-08-04 21:16:36.263: [INFO] LastUsedProfileDir: C:\Users\gninj\Downloads\AKI\webview\EBWebView\Default
2026-08-04 21:16:36.263: [INFO] MostRecentlyActiveProfile: name=Profile 1 path=C:\Users\gninj\Downloads\AKI\webview\EBWebView\Default lastActive=2026-08-04T20:54:51.238Z
2026-08-04 21:16:36.263: [INFO] OnDoneLoading sync enabled: 0
2026-08-04 21:16:36.263: [INFO] BookmarkModelLoaded, ids_reassigned: 0
2026-08-04 21:16:36.263: [INFO] BookmarksLoadDropped droppedNodes=0
2026-08-04 21:16:36.263: [INFO] BookmarksSnapshot Startup total=0 bar=0 other=0 mobile=0 showBar=0 showBarNTP=1
2026-08-04 21:18:00.384: [INFO] BookmarksSnapshot Shutdown total=0 bar=0 other=0 mobile=0 showBar=0 showBarNTP=1
2026-08-04 21:30:46.029: [INFO] CurrentProfilePath: C:\Users\gninj\Downloads\AKI\webview\EBWebView\Default
2026-08-04 21:30:46.029: [INFO] Profiles total count: 1
2026-08-04 21:30:46.029: [INFO] Profile: name=Profile 1 path=C:\Users\gninj\Downloads\AKI\webview\EBWebView\Default lastActive=2026-08-04T21:17:54.993Z
2026-08-04 21:30:46.029: [INFO] LastUsedProfileDir: C:\Users\gninj\Downloads\AKI\webview\EBWebView\Default
2026-08-04 21:30:46.029: [INFO] MostRecentlyActiveProfile: name=Profile 1 path=C:\Users\gninj\Downloads\AKI\webview\EBWebView\Default lastActive=2026-08-04T21:17:54.993Z
2026-08-04 21:30:46.029: [INFO] OnDoneLoading sync enabled: 0
2026-08-04 21:30:46.029: [INFO] BookmarkModelLoaded, ids_reassigned: 0
2026-08-04 21:30:46.029: [INFO] BookmarksLoadDropped droppedNodes=0
2026-08-04 21:30:46.029: [INFO] BookmarksSnapshot Startup total=0 bar=0 other=0 mobile=0 showBar=0 showBarNTP=1
2026-08-04 21:31:00.243: [INFO] BookmarksSnapshot Shutdown total=0 bar=0 other=0 mobile=0 showBar=0 showBarNTP=1
2026-08-04 21:35:06.479: [INFO] CurrentProfilePath: C:\Users\gninj\Downloads\AKI\webview\EBWebView\Default
2026-08-04 21:35:06.479: [INFO] Profiles total count: 1
2026-08-04 21:35:06.480: [INFO] Profile: name=Profile 1 path=C:\Users\gninj\Downloads\AKI\webview\EBWebView\Default lastActive=2026-08-04T21:30:59.171Z
2026-08-04 21:35:06.480: [INFO] LastUsedProfileDir: C:\Users\gninj\Downloads\AKI\webview\EBWebView\Default
2026-08-04 21:35:06.480: [INFO] MostRecentlyActiveProfile: name=Profile 1 path=C:\Users\gninj\Downloads\AKI\webview\EBWebView\Default lastActive=2026-08-04T21:30:59.171Z
2026-08-04 21:35:06.480: [INFO] OnDoneLoading sync enabled: 0
2026-08-04 21:35:06.480: [INFO] BookmarkModelLoaded, ids_reassigned: 0
2026-08-04 21:35:06.480: [INFO] BookmarksLoadDropped droppedNodes=0
2026-08-04 21:35:06.480: [INFO] BookmarksSnapshot Startup total=0 bar=0 other=0 mobile=0 showBar=0 showBarNTP=1
2026-08-04 21:38:45.553: [INFO] BookmarksSnapshot Shutdown total=0 bar=0 other=0 mobile=0 showBar=0 showBarNTP=1
2026-08-04 21:50:13.592: [INFO] CurrentProfilePath: C:\Users\gninj\Downloads\AKI\webview\EBWebView\Default
2026-08-04 21:50:13.592: [INFO] Profiles total count: 1
2026-08-04 21:50:13.592: [INFO] Profile: name=Profile 1 path=C:\Users\gninj\Downloads\AKI\webview\EBWebView\Default lastActive=2026-08-04T21:38:39.714Z
2026-08-04 21:50:13.592: [INFO] LastUsedProfileDir: C:\Users\gninj\Downloads\AKI\webview\EBWebView\Default
2026-08-04 21:50:13.592: [INFO] MostRecentlyActiveProfile: name=Profile 1 path=C:\Users\gninj\Downloads\AKI\webview\EBWebView\Default lastActive=2026-08-04T21:38:39.714Z
2026-08-04 21:50:13.592: [INFO] OnDoneLoading sync enabled: 0
2026-08-04 21:50:13.592: [INFO] BookmarkModelLoaded, ids_reassigned: 0
2026-08-04 21:50:13.592: [INFO] BookmarksLoadDropped droppedNodes=0
2026-08-04 21:50:13.592: [INFO] BookmarksSnapshot Startup total=0 bar=0 other=0 mobile=0 showBar=0 showBarNTP=1
2026-08-04 21:54:01.219: [INFO] BookmarksSnapshot Shutdown total=0 bar=0 other=0 mobile=0 showBar=0 showBarNTP=1
2026-08-04 22:22:40.671: [INFO] CurrentProfilePath: C:\Users\gninj\Downloads\AKI\webview\EBWebView\Default
2026-08-04 22:22:40.671: [INFO] Profiles total count: 1
2026-08-04 22:22:40.671: [INFO] Profile: name=Profile 1 path=C:\Users\gninj\Downloads\AKI\webview\EBWebView\Default lastActive=2026-08-04T21:50:13.715Z
2026-08-04 22:22:40.671: [INFO] LastUsedProfileDir: C:\Users\gninj\Downloads\AKI\webview\EBWebView\Default
2026-08-04 22:22:40.671: [INFO] MostRecentlyActiveProfile: name=Profile 1 path=C:\Users\gninj\Downloads\AKI\webview\EBWebView\Default lastActive=2026-08-04T21:50:13.715Z
2026-08-04 22:22:40.671: [INFO] OnDoneLoading sync enabled: 0
2026-08-04 22:22:40.671: [INFO] BookmarkModelLoaded, ids_reassigned: 0
2026-08-04 22:22:40.671: [INFO] BookmarksLoadDropped droppedNodes=0
2026-08-04 22:22:40.671: [INFO] BookmarksSnapshot Startup total=0 bar=0 other=0 mobile=0 showBar=0 showBarNTP=1
2026-08-04 22:22:57.946: [INFO] BookmarksSnapshot Shutdown total=0 bar=0 other=0 mobile=0 showBar=0 showBarNTP=1
2026-08-04 22:55:51.708: [INFO] CurrentProfilePath: C:\Users\gninj\Downloads\AKI\webview\EBWebView\Default
2026-08-04 22:55:51.708: [INFO] Profiles total count: 1
2026-08-04 22:55:51.708: [INFO] Profile: name=Profile 1 path=C:\Users\gninj\Downloads\AKI\webview\EBWebView\Default lastActive=2026-08-04T22:22:40.785Z
2026-08-04 22:55:51.708: [INFO] LastUsedProfileDir: C:\Users\gninj\Downloads\AKI\webview\EBWebView\Default
2026-08-04 22:55:51.708: [INFO] MostRecentlyActiveProfile: name=Profile 1 path=C:\Users\gninj\Downloads\AKI\webview\EBWebView\Default lastActive=2026-08-04T22:22:40.785Z
2026-08-04 22:55:51.708: [INFO] OnDoneLoading sync enabled: 0
2026-08-04 22:55:51.708: [INFO] BookmarkModelLoaded, ids_reassigned: 0
2026-08-04 22:55:51.708: [INFO] BookmarksLoadDropped droppedNodes=0
2026-08-04 22:55:51.708: [INFO] BookmarksSnapshot Startup total=0 bar=0 other=0 mobile=0 showBar=0 showBarNTP=1
2026-08-04 22:56:34.940: [INFO] BookmarksSnapshot Shutdown total=0 bar=0 other=0 mobile=0 showBar=0 showBarNTP=1
2026-08-04 23:05:56.557: [INFO] CurrentProfilePath: C:\Users\gninj\Downloads\AKI\webview\EBWebView\Default
2026-08-04 23:05:56.557: [INFO] Profiles total count: 1
2026-08-04 23:05:56.557: [INFO] Profile: name=Profile 1 path=C:\Users\gninj\Downloads\AKI\webview\EBWebView\Default lastActive=2026-08-04T22:55:54.299Z
2026-08-04 23:05:56.557: [INFO] LastUsedProfileDir: C:\Users\gninj\Downloads\AKI\webview\EBWebView\Default
2026-08-04 23:05:56.557: [INFO] MostRecentlyActiveProfile: name=Profile 1 path=C:\Users\gninj\Downloads\AKI\webview\EBWebView\Default lastActive=2026-08-04T22:55:54.299Z
2026-08-04 23:05:56.557: [INFO] OnDoneLoading sync enabled: 0
2026-08-04 23:05:56.557: [INFO] BookmarkModelLoaded, ids_reassigned: 0
2026-08-04 23:05:56.557: [INFO] BookmarksLoadDropped droppedNodes=0
2026-08-04 23:05:56.557: [INFO] BookmarksSnapshot Startup total=0 bar=0 other=0 mobile=0 showBar=0 showBarNTP=1
2026-08-04 23:27:59.056: [INFO] BookmarksSnapshot Shutdown total=0 bar=0 other=0 mobile=0 showBar=0 showBarNTP=1
2026-08-05 00:59:46.760: [INFO] CurrentProfilePath: C:\Users\gninj\Downloads\AKI\webview\EBWebView\Default
2026-08-05 00:59:46.760: [INFO] Profiles total count: 1
2026-08-05 00:59:46.760: [INFO] Profile: name=Profile 1 path=C:\Users\gninj\Downloads\AKI\webview\EBWebView\Default lastActive=2026-08-04T23:22:23.824Z
2026-08-05 00:59:46.760: [INFO] LastUsedProfileDir: C:\Users\gninj\Downloads\AKI\webview\EBWebView\Default
2026-08-05 00:59:46.760: [INFO] MostRecentlyActiveProfile: name=Profile 1 path=C:\Users\gninj\Downloads\AKI\webview\EBWebView\Default lastActive=2026-08-04T23:22:23.824Z
2026-08-05 00:59:46.760: [INFO] OnDoneLoading sync enabled: 0
2026-08-05 00:59:46.760: [INFO] BookmarkModelLoaded, ids_reassigned: 0
2026-08-05 00:59:46.760: [INFO] BookmarksLoadDropped droppedNodes=0
2026-08-05 00:59:46.760: [INFO] BookmarksSnapshot Startup total=0 bar=0 other=0 mobile=0 showBar=0 showBarNTP=1
2026-08-05 01:00:25.086: [INFO] BookmarksSnapshot Shutdown total=0 bar=0 other=0 mobile=0 showBar=0 showBarNTP=1
2026-08-05 01:38:00.304: [INFO] CurrentProfilePath: C:\Users\gninj\Downloads\AKI\webview\EBWebView\Default
2026-08-05 01:38:00.304: [INFO] Profiles total count: 1
2026-08-05 01:38:00.304: [INFO] Profile: name=Profile 1 path=C:\Users\gninj\Downloads\AKI\webview\EBWebView\Default lastActive=2026-08-05T00:59:46.873Z
2026-08-05 01:38:00.304: [INFO] LastUsedProfileDir: C:\Users\gninj\Downloads\AKI\webview\EBWebView\Default
2026-08-05 01:38:00.304: [INFO] MostRecentlyActiveProfile: name=Profile 1 path=C:\Users\gninj\Downloads\AKI\webview\EBWebView\Default lastActive=2026-08-05T00:59:46.873Z
2026-08-05 01:38:00.304: [INFO] OnDoneLoading sync enabled: 0
2026-08-05 01:38:00.304: [INFO] BookmarkModelLoaded, ids_reassigned: 0
2026-08-05 01:38:00.304: [INFO] BookmarksLoadDropped droppedNodes=0
2026-08-05 01:38:00.304: [INFO] BookmarksSnapshot Startup total=0 bar=0 other=0 mobile=0 showBar=0 showBarNTP=1
2026-08-05 01:39:01.180: [INFO] BookmarksSnapshot Shutdown total=0 bar=0 other=0 mobile=0 showBar=0 showBarNTP=1
2026-08-05 13:31:35.847: [INFO] CurrentProfilePath: C:\Users\gninj\Downloads\AKI\webview\EBWebView\Default
2026-08-05 13:31:35.847: [INFO] Profiles total count: 1
2026-08-05 13:31:35.847: [INFO] Profile: name=Profile 1 path=C:\Users\gninj\Downloads\AKI\webview\EBWebView\Default lastActive=2026-08-05T13:28:17.830Z
2026-08-05 13:31:35.847: [INFO] LastUsedProfileDir: C:\Users\gninj\Downloads\AKI\webview\EBWebView\Default
2026-08-05 13:31:35.847: [INFO] MostRecentlyActiveProfile: name=Profile 1 path=C:\Users\gninj\Downloads\AKI\webview\EBWebView\Default lastActive=2026-08-05T13:28:17.830Z
2026-08-05 13:31:35.847: [INFO] OnDoneLoading sync enabled: 0
2026-08-05 13:31:35.847: [INFO] BookmarkModelLoaded, ids_reassigned: 0
2026-08-05 13:31:35.847: [INFO] BookmarksLoadDropped droppedNodes=0
2026-08-05 13:31:35.847: [INFO] BookmarksSnapshot Startup total=0 bar=0 other=0 mobile=0 showBar=0 showBarNTP=1
2026-08-05 13:32:23.789: [INFO] BookmarksSnapshot Shutdown total=0 bar=0 other=0 mobile=0 showBar=0 showBarNTP=1
2026-08-05 18:43:10.610: [INFO] CurrentProfilePath: C:\Users\gninj\Downloads\AKI\webview\EBWebView\Default
2026-08-05 18:43:10.610: [INFO] Profiles total count: 1
2026-08-05 18:43:10.611: [INFO] Profile: name=Profile 1 path=C:\Users\gninj\Downloads\AKI\webview\EBWebView\Default lastActive=2026-08-05T13:32:22.697Z
2026-08-05 18:43:10.611: [INFO] LastUsedProfileDir: C:\Users\gninj\Downloads\AKI\webview\EBWebView\Default
2026-08-05 18:43:10.611: [INFO] MostRecentlyActiveProfile: name=Profile 1 path=C:\Users\gninj\Downloads\AKI\webview\EBWebView\Default lastActive=2026-08-05T13:32:22.697Z
2026-08-05 18:43:10.611: [INFO] OnDoneLoading sync enabled: 0
2026-08-05 18:43:10.611: [INFO] BookmarkModelLoaded, ids_reassigned: 0
2026-08-05 18:43:10.611: [INFO] BookmarksLoadDropped droppedNodes=0
2026-08-05 18:43:10.611: [INFO] BookmarksSnapshot Startup total=0 bar=0 other=0 mobile=0 showBar=0 showBarNTP=1
2026-08-05 18:43:43.426: [INFO] BookmarksSnapshot Shutdown total=0 bar=0 other=0 mobile=0 showBar=0 showBarNTP=1
2026-08-05 18:43:50.730: [INFO] CurrentProfilePath: C:\Users\gninj\Downloads\AKI\webview\EBWebView\Default
2026-08-05 18:43:50.730: [INFO] Profiles total count: 1
2026-08-05 18:43:50.730: [INFO] Profile: name=Profile 1 path=C:\Users\gninj\Downloads\AKI\webview\EBWebView\Default lastActive=2026-08-05T18:43:29.410Z
2026-08-05 18:43:50.730: [INFO] LastUsedProfileDir: C:\Users\gninj\Downloads\AKI\webview\EBWebView\Default
2026-08-05 18:43:50.730: [INFO] MostRecentlyActiveProfile: name=Profile 1 path=C:\Users\gninj\Downloads\AKI\webview\EBWebView\Default lastActive=2026-08-05T18:43:29.410Z
2026-08-05 18:43:50.730: [INFO] OnDoneLoading sync enabled: 0
2026-08-05 18:43:50.730: [INFO] BookmarkModelLoaded, ids_reassigned: 0
2026-08-05 18:43:50.730: [INFO] BookmarksLoadDropped droppedNodes=0
2026-08-05 18:43:50.730: [INFO] BookmarksSnapshot Startup total=0 bar=0 other=0 mobile=0 showBar=0 showBarNTP=1
2026-08-05 18:44:40.810: [INFO] BookmarksSnapshot Shutdown total=0 bar=0 other=0 mobile=0 showBar=0 showBarNTP=1
2026-08-05 18:55:03.603: [INFO] CurrentProfilePath: C:\Users\gninj\Downloads\AKI\webview\EBWebView\Default
2026-08-05 18:55:03.603: [INFO] Profiles total count: 1
2026-08-05 18:55:03.603: [INFO] Profile: name=Profile 1 path=C:\Users\gninj\Downloads\AKI\webview\EBWebView\Default lastActive=2026-08-05T18:44:40.703Z
2026-08-05 18:55:03.603: [INFO] LastUsedProfileDir: C:\Users\gninj\Downloads\AKI\webview\EBWebView\Default
2026-08-05 18:55:03.604: [INFO] MostRecentlyActiveProfile: name=Profile 1 path=C:\Users\gninj\Downloads\AKI\webview\EBWebView\Default lastActive=2026-08-05T18:44:40.703Z
2026-08-05 18:55:03.604: [INFO] OnDoneLoading sync enabled: 0
2026-08-05 18:55:03.604: [INFO] BookmarkModelLoaded, ids_reassigned: 0
2026-08-05 18:55:03.604: [INFO] BookmarksLoadDropped droppedNodes=0
2026-08-05 18:55:03.604: [INFO] BookmarksSnapshot Startup total=0 bar=0 other=0 mobile=0 showBar=0 showBarNTP=1
2026-08-05 18:55:39.611: [INFO] BookmarksSnapshot Shutdown total=0 bar=0 other=0 mobile=0 showBar=0 showBarNTP=1
2026-08-05 19:13:30.162: [INFO] CurrentProfilePath: C:\Users\gninj\Downloads\AKI\webview\EBWebView\Default
2026-08-05 19:13:30.162: [INFO] Profiles total count: 1
2026-08-05 19:13:30.162: [INFO] Profile: name=Profile 1 path=C:\Users\gninj\Downloads\AKI\webview\EBWebView\Default lastActive=2026-08-05T18:55:23.824Z
2026-08-05 19:13:30.162: [INFO] LastUsedProfileDir: C:\Users\gninj\Downloads\AKI\webview\EBWebView\Default
2026-08-05 19:13:30.162: [INFO] MostRecentlyActiveProfile: name=Profile 1 path=C:\Users\gninj\Downloads\AKI\webview\EBWebView\Default lastActive=2026-08-05T18:55:23.824Z
2026-08-05 19:13:30.162: [INFO] OnDoneLoading sync enabled: 0
2026-08-05 19:13:30.162: [INFO] BookmarkModelLoaded, ids_reassigned: 0
2026-08-05 19:13:30.162: [INFO] BookmarksLoadDropped droppedNodes=0
2026-08-05 19:13:30.162: [INFO] BookmarksSnapshot Startup total=0 bar=0 other=0 mobile=0 showBar=0 showBarNTP=1
2026-08-05 19:13:53.074: [INFO] BookmarksSnapshot Shutdown total=0 bar=0 other=0 mobile=0 showBar=0 showBarNTP=1
2026-08-05 19:13:58.922: [INFO] CurrentProfilePath: C:\Users\gninj\Downloads\AKI\webview\EBWebView\Default
2026-08-05 19:13:58.922: [INFO] Profiles total count: 1
2026-08-05 19:13:58.922: [INFO] Profile: name=Profile 1 path=C:\Users\gninj\Downloads\AKI\webview\EBWebView\Default lastActive=2026-08-05T19:13:30.274Z
2026-08-05 19:13:58.922: [INFO] LastUsedProfileDir: C:\Users\gninj\Downloads\AKI\webview\EBWebView\Default
2026-08-05 19:13:58.922: [INFO] MostRecentlyActiveProfile: name=Profile 1 path=C:\Users\gninj\Downloads\AKI\webview\EBWebView\Default lastActive=2026-08-05T19:13:30.274Z
2026-08-05 19:13:58.922: [INFO] OnDoneLoading sync enabled: 0
2026-08-05 19:13:58.922: [INFO] BookmarkModelLoaded, ids_reassigned: 0
2026-08-05 19:13:58.922: [INFO] BookmarksLoadDropped droppedNodes=0
2026-08-05 19:13:58.922: [INFO] BookmarksSnapshot Startup total=0 bar=0 other=0 mobile=0 showBar=0 showBarNTP=1
2026-08-05 19:14:18.290: [INFO] BookmarksSnapshot Shutdown total=0 bar=0 other=0 mobile=0 showBar=0 showBarNTP=1
2026-08-05 19:16:20.864: [INFO] CurrentProfilePath: C:\Users\gninj\Downloads\AKI\webview\EBWebView\Default
2026-08-05 19:16:20.864: [INFO] Profiles total count: 1
2026-08-05 19:16:20.864: [INFO] Profile: name=Profile 1 path=C:\Users\gninj\Downloads\AKI\webview\EBWebView\Default lastActive=2026-08-05T19:14:18.168Z
2026-08-05 19:16:20.864: [INFO] LastUsedProfileDir: C:\Users\gninj\Downloads\AKI\webview\EBWebView\Default
2026-08-05 19:16:20.865: [INFO] MostRecentlyActiveProfile: name=Profile 1 path=C:\Users\gninj\Downloads\AKI\webview\EBWebView\Default lastActive=2026-08-05T19:14:18.168Z
2026-08-05 19:16:20.865: [INFO] OnDoneLoading sync enabled: 0
2026-08-05 19:16:20.865: [INFO] BookmarkModelLoaded, ids_reassigned: 0
2026-08-05 19:16:20.865: [INFO] BookmarksLoadDropped droppedNodes=0
2026-08-05 19:16:20.865: [INFO] BookmarksSnapshot Startup total=0 bar=0 other=0 mobile=0 showBar=0 showBarNTP=1
2026-08-05 19:20:00.360: [INFO] BookmarksSnapshot Shutdown total=0 bar=0 other=0 mobile=0 showBar=0 showBarNTP=1
2026-08-05 19:27:54.992: [INFO] CurrentProfilePath: C:\Users\gninj\Downloads\AKI\webview\EBWebView\Default
2026-08-05 19:27:54.992: [INFO] Profiles total count: 1
2026-08-05 19:27:54.993: [INFO] Profile: name=Profile 1 path=C:\Users\gninj\Downloads\AKI\webview\EBWebView\Default lastActive=2026-08-05T19:19:56.274Z
2026-08-05 19:27:54.993: [INFO] LastUsedProfileDir: C:\Users\gninj\Downloads\AKI\webview\EBWebView\Default
2026-08-05 19:27:54.993: [INFO] MostRecentlyActiveProfile: name=Profile 1 path=C:\Users\gninj\Downloads\AKI\webview\EBWebView\Default lastActive=2026-08-05T19:19:56.274Z
2026-08-05 19:27:54.993: [INFO] OnDoneLoading sync enabled: 0
2026-08-05 19:27:54.993: [INFO] BookmarkModelLoaded, ids_reassigned: 0
2026-08-05 19:27:54.993: [INFO] BookmarksLoadDropped droppedNodes=0
2026-08-05 19:27:54.993: [INFO] BookmarksSnapshot Startup total=0 bar=0 other=0 mobile=0 showBar=0 showBarNTP=1
2026-08-05 19:28:21.573: [INFO] BookmarksSnapshot Shutdown total=0 bar=0 other=0 mobile=0 showBar=0 showBarNTP=1
2026-08-05 19:36:11.819: [INFO] CurrentProfilePath: C:\Users\gninj\Downloads\AKI\webview\EBWebView\Default
2026-08-05 19:36:11.819: [INFO] Profiles total count: 1
2026-08-05 19:36:11.819: [INFO] Profile: name=Profile 1 path=C:\Users\gninj\Downloads\AKI\webview\EBWebView\Default lastActive=2026-08-05T19:28:19.196Z
2026-08-05 19:36:11.819: [INFO] LastUsedProfileDir: C:\Users\gninj\Downloads\AKI\webview\EBWebView\Default
2026-08-05 19:36:11.819: [INFO] MostRecentlyActiveProfile: name=Profile 1 path=C:\Users\gninj\Downloads\AKI\webview\EBWebView\Default lastActive=2026-08-05T19:28:19.196Z
2026-08-05 19:36:11.819: [INFO] OnDoneLoading sync enabled: 0
2026-08-05 19:36:11.819: [INFO] BookmarkModelLoaded, ids_reassigned: 0
2026-08-05 19:36:11.819: [INFO] BookmarksLoadDropped droppedNodes=0
2026-08-05 19:36:11.819: [INFO] BookmarksSnapshot Startup total=0 bar=0 other=0 mobile=0 showBar=0 showBarNTP=1
2026-08-05 19:39:25.261: [INFO] BookmarksSnapshot Shutdown total=0 bar=0 other=0 mobile=0 showBar=0 showBarNTP=1
